Archive member included to satisfy reference by file (symbol)

c:/program files (x86)/gnu tools arm embedded/5.3 2016q1/bin/../lib/gcc/arm-none-eabi/5.3.1/../../../../arm-none-eabi/lib/armv7e-m/softfp\libstdc++_nano.a(del_op.o)
                              Application\CommComp\source\SCommComponent.o (operator delete(void*))
c:/program files (x86)/gnu tools arm embedded/5.3 2016q1/bin/../lib/gcc/arm-none-eabi/5.3.1/../../../../arm-none-eabi/lib/armv7e-m/softfp\libg_nano.a(lib_a-errno.o)
                              system\src\newlib\_sbrk.o (__errno)
c:/program files (x86)/gnu tools arm embedded/5.3 2016q1/bin/../lib/gcc/arm-none-eabi/5.3.1/../../../../arm-none-eabi/lib/armv7e-m/softfp\libg_nano.a(lib_a-impure.o)
                              c:/program files (x86)/gnu tools arm embedded/5.3 2016q1/bin/../lib/gcc/arm-none-eabi/5.3.1/../../../../arm-none-eabi/lib/armv7e-m/softfp\libg_nano.a(lib_a-errno.o) (_impure_ptr)
c:/program files (x86)/gnu tools arm embedded/5.3 2016q1/bin/../lib/gcc/arm-none-eabi/5.3.1/../../../../arm-none-eabi/lib/armv7e-m/softfp\libg_nano.a(lib_a-malloc.o)
                              c:/program files (x86)/gnu tools arm embedded/5.3 2016q1/bin/../lib/gcc/arm-none-eabi/5.3.1/../../../../arm-none-eabi/lib/armv7e-m/softfp\libstdc++_nano.a(del_op.o) (free)
c:/program files (x86)/gnu tools arm embedded/5.3 2016q1/bin/../lib/gcc/arm-none-eabi/5.3.1/../../../../arm-none-eabi/lib/armv7e-m/softfp\libg_nano.a(lib_a-memcpy-stub.o)
                              FreeRTOS\source\queue.o (memcpy)
c:/program files (x86)/gnu tools arm embedded/5.3 2016q1/bin/../lib/gcc/arm-none-eabi/5.3.1/../../../../arm-none-eabi/lib/armv7e-m/softfp\libg_nano.a(lib_a-memset.o)
                              FreeRTOS\source\tasks.o (memset)
c:/program files (x86)/gnu tools arm embedded/5.3 2016q1/bin/../lib/gcc/arm-none-eabi/5.3.1/../../../../arm-none-eabi/lib/armv7e-m/softfp\libg_nano.a(lib_a-nano-freer.o)
                              c:/program files (x86)/gnu tools arm embedded/5.3 2016q1/bin/../lib/gcc/arm-none-eabi/5.3.1/../../../../arm-none-eabi/lib/armv7e-m/softfp\libg_nano.a(lib_a-malloc.o) (_free_r)
c:/program files (x86)/gnu tools arm embedded/5.3 2016q1/bin/../lib/gcc/arm-none-eabi/5.3.1/../../../../arm-none-eabi/lib/armv7e-m/softfp\libg_nano.a(lib_a-nano-mallocr.o)
                              c:/program files (x86)/gnu tools arm embedded/5.3 2016q1/bin/../lib/gcc/arm-none-eabi/5.3.1/../../../../arm-none-eabi/lib/armv7e-m/softfp\libg_nano.a(lib_a-malloc.o) (_malloc_r)
c:/program files (x86)/gnu tools arm embedded/5.3 2016q1/bin/../lib/gcc/arm-none-eabi/5.3.1/../../../../arm-none-eabi/lib/armv7e-m/softfp\libg_nano.a(lib_a-sbrkr.o)
                              c:/program files (x86)/gnu tools arm embedded/5.3 2016q1/bin/../lib/gcc/arm-none-eabi/5.3.1/../../../../arm-none-eabi/lib/armv7e-m/softfp\libg_nano.a(lib_a-nano-mallocr.o) (_sbrk_r)

Allocating common symbols
Common symbol       size              file

errno               0x4               system\src\newlib\_syscalls.o
uwTick              0x4               system\src\stm32f4-hal\stm32f4xx_hal.o
pFlash              0x20              system\src\stm32f4-hal\stm32f4xx_hal_flash.o

Discarded input sections

 .group         0x00000000        0x8 Application\Basic\source\Interrupt.o
 .group         0x00000000        0x8 Application\Basic\source\Interrupt.o
 .group         0x00000000        0x8 Application\Basic\source\Interrupt.o
 .group         0x00000000        0x8 Application\Basic\source\Interrupt.o
 .group         0x00000000        0x8 Application\Basic\source\Interrupt.o
 .group         0x00000000        0x8 Application\Basic\source\Interrupt.o
 .group         0x00000000        0x8 Application\Basic\source\Interrupt.o
 .group         0x00000000        0x8 Application\Basic\source\Interrupt.o
 .group         0x00000000        0x8 Application\Basic\source\Interrupt.o
 .group         0x00000000        0x8 Application\Basic\source\Interrupt.o
 .group         0x00000000        0x8 Application\Basic\source\Interrupt.o
 .group         0x00000000        0x8 Application\Basic\source\Interrupt.o
 .group         0x00000000        0x8 Application\Basic\source\Interrupt.o
 .group         0x00000000        0x8 Application\Basic\source\Interrupt.o
 .group         0x00000000        0x8 Application\Basic\source\Interrupt.o
 .group         0x00000000        0x8 Application\Basic\source\Interrupt.o
 .group         0x00000000        0x8 Application\Basic\source\Interrupt.o
 .group         0x00000000        0x8 Application\Basic\source\Interrupt.o
 .group         0x00000000        0x8 Application\Basic\source\Interrupt.o
 .group         0x00000000        0x8 Application\Basic\source\Interrupt.o
 .group         0x00000000        0x8 Application\Basic\source\Interrupt.o
 .group         0x00000000        0x8 Application\Basic\source\Interrupt.o
[...]
Memory Configuration

Name             Origin             Length             Attributes
RAM              0x20000000         0x00020000         xrw
CCMRAM           0x10000000         0x00010000         xrw
FLASH            0x08000000         0x00100000         xr
FLASHB1          0x00000000         0x00000000         xr
EXTMEMB0         0x00000000         0x00000000         xr
EXTMEMB1         0x00000000         0x00000000         xr
EXTMEMB2         0x00000000         0x00000000         xr
EXTMEMB3         0x00000000         0x00000000         xr
MEMORY_ARRAY     0x20002000         0x00000020         xrw
*default*        0x00000000         0xffffffff

Linker script and memory map

LOAD Application\Basic\source\Interrupt.o
LOAD Application\CommComp\source\CRxBuffer.o
LOAD Application\CommComp\source\CRxBufferList.o
LOAD Application\CommComp\source\CTxBuffer.o
LOAD Application\CommComp\source\CTxBufferList.o
LOAD Application\CommComp\source\SCommComponent.o
LOAD Application\Component\source\AComponent.o
LOAD Application\ControlComp\source\CBasicFSM.o
LOAD Application\ControlComp\source\CControlActionHandler.o
LOAD Application\ControlComp\source\CControlFSM.o
LOAD Application\ControlComp\source\CSimulatedHardware.o
LOAD Application\ControlComp\source\CStateJump.o
LOAD Application\ControlComp\source\CStateRunning.o
LOAD Application\ControlComp\source\SControlComponent.o
LOAD Application\ControlComp\source\SSoftTimer.o
LOAD Application\HardwareInterface\source\TUSART.o
LOAD Application\Message\source\CMessage.o
LOAD Application\Message\source\SProxy.o
LOAD FreeRTOS\source\FreeRTOS_HookFunctions.o
LOAD FreeRTOS\source\heap_1.o
LOAD FreeRTOS\source\list.o
LOAD FreeRTOS\source\port.o
LOAD FreeRTOS\source\queue.o
LOAD FreeRTOS\source\tasks.o
LOAD FreeRTOS\source\timers.o
LOAD src\_initialize_hardware.o
LOAD src\_write.o
LOAD src\main.o
LOAD src\stm32f4xx_hal_msp.o
LOAD system\src\cmsis\system_stm32f4xx.o
LOAD system\src\cmsis\vectors_stm32f407xx.o
LOAD system\src\cortexm\_initialize_hardware.o
LOAD system\src\cortexm\_reset_hardware.o
LOAD system\src\cortexm\exception_handlers.o
LOAD system\src\diag\Trace.o
LOAD system\src\diag\trace_impl.o
LOAD system\src\newlib\_cxx.o
LOAD system\src\newlib\_exit.o
LOAD system\src\newlib\_sbrk.o
LOAD system\src\newlib\_startup.o
LOAD system\src\newlib\_syscalls.o
LOAD system\src\newlib\assert.o
LOAD system\src\stm32f4-hal\stm32f4xx_hal.o
LOAD system\src\stm32f4-hal\stm32f4xx_hal_cortex.o
LOAD system\src\stm32f4-hal\stm32f4xx_hal_flash.o
LOAD system\src\stm32f4-hal\stm32f4xx_hal_gpio.o
LOAD system\src\stm32f4-hal\stm32f4xx_hal_iwdg.o
LOAD system\src\stm32f4-hal\stm32f4xx_hal_pwr.o
LOAD system\src\stm32f4-hal\stm32f4xx_hal_rcc.o
LOAD c:/program files (x86)/gnu tools arm embedded/5.3 2016q1/bin/../lib/gcc/arm-none-eabi/5.3.1/../../../../arm-none-eabi/lib/armv7e-m/softfp\libstdc++_nano.a
LOAD c:/program files (x86)/gnu tools arm embedded/5.3 2016q1/bin/../lib/gcc/arm-none-eabi/5.3.1/../../../../arm-none-eabi/lib/armv7e-m/softfp\libm.a
START GROUP
LOAD c:/program files (x86)/gnu tools arm embedded/5.3 2016q1/bin/../lib/gcc/arm-none-eabi/5.3.1/armv7e-m/softfp\libgcc.a
LOAD c:/program files (x86)/gnu tools arm embedded/5.3 2016q1/bin/../lib/gcc/arm-none-eabi/5.3.1/../../../../arm-none-eabi/lib/armv7e-m/softfp\libg_nano.a
LOAD c:/program files (x86)/gnu tools arm embedded/5.3 2016q1/bin/../lib/gcc/arm-none-eabi/5.3.1/../../../../arm-none-eabi/lib/armv7e-m/softfp\libc_nano.a
END GROUP
START GROUP
LOAD c:/program files (x86)/gnu tools arm embedded/5.3 2016q1/bin/../lib/gcc/arm-none-eabi/5.3.1/armv7e-m/softfp\libgcc.a
LOAD c:/program files (x86)/gnu tools arm embedded/5.3 2016q1/bin/../lib/gcc/arm-none-eabi/5.3.1/../../../../arm-none-eabi/lib/armv7e-m/softfp\libc_nano.a
END GROUP
                0x20020000                __stack = (ORIGIN (RAM) + LENGTH (RAM))
                0x20020000                _estack = __stack
                0x00000400                __Main_Stack_Size = 0x400
                [!provide]                PROVIDE (_Main_Stack_Size, __Main_Stack_Size)
                0x2001fc00                __Main_Stack_Limit = (__stack - __Main_Stack_Size)
                [!provide]                PROVIDE (_Main_Stack_Limit, __Main_Stack_Limit)
                0x00000100                _Minimum_Stack_Size = 0x100
                0x200049dc                PROVIDE (_Heap_Begin, _end_noinit)
                0x2001fc00                PROVIDE (_Heap_Limit, (__stack - __Main_Stack_Size))

.isr_vector     0x08000000      0x330
 FILL mask 0xff
                0x08000000                __vectors_start = ABSOLUTE (.)
                0x08000000                __vectors_start__ = ABSOLUTE (.)
 *(.isr_vector)
 .isr_vector    0x08000000      0x188 system\src\cmsis\vectors_stm32f407xx.o
                0x08000000                __isr_vectors
 *(.cfmconfig)
 *(.after_vectors .after_vectors.*)
 .after_vectors
                0x08000188        0x4 system\src\cmsis\vectors_stm32f407xx.o
                0x08000188                RTC_Alarm_IRQHandler
                0x08000188                HASH_RNG_IRQHandler
                0x08000188                EXTI2_IRQHandler
                0x08000188                TIM8_CC_IRQHandler
                0x08000188                TIM1_CC_IRQHandler
                0x08000188                DMA2_Stream5_IRQHandler
                0x08000188                DMA1_Stream5_IRQHandler
                0x08000188                PVD_IRQHandler
                0x08000188                SDIO_IRQHandler
                0x08000188                TAMP_STAMP_IRQHandler
                0x08000188                CAN2_RX1_IRQHandler
                0x08000188                EXTI3_IRQHandler
                0x08000188                TIM8_TRG_COM_TIM14_IRQHandler
                0x08000188                TIM1_UP_TIM10_IRQHandler
                0x08000188                TIM8_UP_TIM13_IRQHandler
                0x08000188                I2C3_ER_IRQHandler
                0x08000188                EXTI0_IRQHandler
                0x08000188                I2C2_EV_IRQHandler
                0x08000188                DMA1_Stream2_IRQHandler
                0x08000188                CAN1_RX0_IRQHandler
                0x08000188                FPU_IRQHandler
                0x08000188                OTG_HS_WKUP_IRQHandler
                0x08000188                CAN2_SCE_IRQHandler
                0x08000188                DMA2_Stream2_IRQHandler
                0x08000188                SPI1_IRQHandler
                0x08000188                TIM6_DAC_IRQHandler
                0x08000188                TIM1_BRK_TIM9_IRQHandler
                0x08000188                DCMI_IRQHandler
                0x08000188                CAN2_RX0_IRQHandler
                0x08000188                DMA2_Stream3_IRQHandler
                0x08000188                USART6_IRQHandler
                0x08000188                USART3_IRQHandler
                0x08000188                CAN1_RX1_IRQHandler
                0x08000188                UART5_IRQHandler
                0x08000188                DMA2_Stream0_IRQHandler
                0x08000188                TIM4_IRQHandler
                0x08000188                I2C1_EV_IRQHandler
                0x08000188                DMA1_Stream6_IRQHandler
                0x08000188                DMA1_Stream1_IRQHandler
                0x08000188                UART4_IRQHandler
                0x08000188                TIM3_IRQHandler
                0x08000188                RCC_IRQHandler
                0x08000188                TIM8_BRK_TIM12_IRQHandler
                0x08000188                Default_Handler
                0x08000188                EXTI15_10_IRQHandler
                0x08000188                ADC_IRQHandler
                0x08000188                DMA1_Stream7_IRQHandler
                0x08000188                TIM7_IRQHandler
                0x08000188                CAN2_TX_IRQHandler
                0x08000188                TIM5_IRQHandler
                0x08000188                DMA2_Stream7_IRQHandler
                0x08000188                I2C3_EV_IRQHandler
                0x08000188                EXTI9_5_IRQHandler
                0x08000188                RTC_WKUP_IRQHandler
                0x08000188                ETH_WKUP_IRQHandler
                0x08000188                SPI2_IRQHandler
                0x08000188                OTG_HS_EP1_IN_IRQHandler
                0x08000188                DMA1_Stream0_IRQHandler
                0x08000188                CAN1_TX_IRQHandler
                0x08000188                EXTI4_IRQHandler
                0x08000188                ETH_IRQHandler
                0x08000188                OTG_HS_EP1_OUT_IRQHandler
                0x08000188                WWDG_IRQHandler
                0x08000188                TIM2_IRQHandler
                0x08000188                OTG_FS_WKUP_IRQHandler
                0x08000188                TIM1_TRG_COM_TIM11_IRQHandler
                0x08000188                OTG_HS_IRQHandler
                0x08000188                EXTI1_IRQHandler
                0x08000188                USART2_IRQHandler
                0x08000188                I2C2_ER_IRQHandler
                0x08000188                DMA2_Stream1_IRQHandler
                0x08000188                CAN1_SCE_IRQHandler
                0x08000188                FLASH_IRQHandler
                0x08000188                DMA2_Stream4_IRQHandler
                0x08000188                OTG_FS_IRQHandler
                0x08000188                SPI3_IRQHandler
                0x08000188                DMA1_Stream4_IRQHandler
                0x08000188                I2C1_ER_IRQHandler
                0x08000188                FMC_IRQHandler
                0x08000188                DMA2_Stream6_IRQHandler
                0x08000188                DMA1_Stream3_IRQHandler
 .after_vectors
                0x0800018c       0x74 system\src\cortexm\exception_handlers.o
                0x0800018c                Reset_Handler
                0x08000194                NMI_Handler
                0x08000198                HardFault_Handler
                0x080001ac                HardFault_Handler_C
                0x080001b0                MemManage_Handler
                0x080001b4                BusFault_Handler
                0x080001c8                BusFault_Handler_C
                0x080001cc                UsageFault_Handler
                0x080001e0                UsageFault_Handler_C
                0x080001e8                DebugMon_Handler
 .after_vectors
                0x08000200      0x130 system\src\newlib\_startup.o
                0x08000200                _start

.inits          0x08000330       0x34
                0x08000330                __data_regions_array_start = .
                0x08000330        0x4 LONG 0x8003788 LOADADDR (.data)
                0x08000334        0x4 LONG 0x20000000 ADDR (.data)
                0x08000338        0x4 LONG 0x2000007c (ADDR (.data) + SIZEOF (.data))
                0x0800033c        0x4 LONG 0x8003788 LOADADDR (.data_CCMRAM)
                0x08000340        0x4 LONG 0x10000000 ADDR (.data_CCMRAM)
                0x08000344        0x4 LONG 0x10000000 (ADDR (.data_CCMRAM) + SIZEOF (.data_CCMRAM))
                0x08000348                __data_regions_array_end = .
                0x08000348                __bss_regions_array_start = .
                0x08000348        0x4 LONG 0x2000007c ADDR (.bss)
                0x0800034c        0x4 LONG 0x200049dc (ADDR (.bss) + SIZEOF (.bss))
                0x08000350        0x4 LONG 0x10000000 ADDR (.bss_CCMRAM)
                0x08000354        0x4 LONG 0x10000000 (ADDR (.bss_CCMRAM) + SIZEOF (.bss_CCMRAM))
                0x08000358                __bss_regions_array_end = .
 *(.init)
 *(.fini)
                0x08000358                . = ALIGN (0x4)
                0x08000358                PROVIDE (__preinit_array_start, .)
 *(.preinit_array_sysinit .preinit_array_sysinit.*)
 *(.preinit_array_platform .preinit_array_platform.*)
 *(.preinit_array .preinit_array.*)
                0x08000358                PROVIDE (__preinit_array_end, .)
                0x08000358                . = ALIGN (0x4)
                0x08000358                PROVIDE (__init_array_start, .)
 *(SORT(.init_array.*))
 *(.init_array)
 .init_array    0x08000358        0x4 Application\ControlComp\source\CBasicFSM.o
 .init_array    0x0800035c        0x4 Application\ControlComp\source\SControlComponent.o
                0x08000360                PROVIDE (__init_array_end, .)
                0x08000360                . = ALIGN (0x4)
                0x08000360                PROVIDE (__fini_array_start, .)
 *(SORT(.fini_array.*))
 *(.fini_array)
 .fini_array    0x08000360        0x4 Application\ControlComp\source\SControlComponent.o
                0x08000364                PROVIDE (__fini_array_end, .)

.flashtext
 *(.flashtext .flashtext.*)

.text           0x08000370     0x3416
 *(.text .text.*)
 .text.USART1_IRQHandler
                0x08000370        0xc Application\Basic\source\Interrupt.o
                0x08000370                USART1_IRQHandler
 .text._ZN9CRxBufferC2Ev
                0x0800037c        0x8 Application\CommComp\source\CRxBuffer.o
                0x0800037c                CRxBuffer::CRxBuffer()
                0x0800037c                CRxBuffer::CRxBuffer()
 .text._ZN9CRxBuffer9writeByteEh
                0x08000384       0x18 Application\CommComp\source\CRxBuffer.o
                0x08000384                CRxBuffer::writeByte(unsigned char)
 .text._ZN9CRxBuffer10isFinishedEv
                0x0800039c        0xc Application\CommComp\source\CRxBuffer.o
                0x0800039c                CRxBuffer::isFinished()
 .text._ZN9CRxBuffer9getBufferEPh
                0x080003a8       0x28 Application\CommComp\source\CRxBuffer.o
                0x080003a8                CRxBuffer::getBuffer(unsigned char*)
 .text._ZN13CRxBufferList19incrementFirstIndexEv
                0x080003d0       0x14 Application\CommComp\source\CRxBufferList.o
                0x080003d0                CRxBufferList::incrementFirstIndex()
 .text._ZN13CRxBufferList22proccessReceivedBufferEv
                0x080003e4       0x94 Application\CommComp\source\CRxBufferList.o
                0x080003e4                CRxBufferList::proccessReceivedBuffer()
 .text._ZN13CRxBufferList18incrementLastIndexEv
                0x08000478       0x14 Application\CommComp\source\CRxBufferList.o
                0x08000478                CRxBufferList::incrementLastIndex()
 .text._ZN6TUSARTILj1073811456EE11enableRXIRQEv
                0x0800048c       0x10 Application\CommComp\source\CRxBufferList.o
                0x0800048c                TUSART<1073811456u>::enableRXIRQ()
 .text._ZN13CRxBufferListC2ER6TUSARTILj1073811456EE
                0x0800049c       0x4c Application\CommComp\source\CRxBufferList.o
                0x0800049c                CRxBufferList::CRxBufferList(TUSART<1073811456u>&)
                0x0800049c                CRxBufferList::CRxBufferList(TUSART<1073811456u>&)
 .text._ZN6TUSARTILj1073811456EE10readBufferEv
                0x080004e8        0xc Application\CommComp\source\CRxBufferList.o
                0x080004e8                TUSART<1073811456u>::readBuffer()
 .text._ZN13CRxBufferList7onRXIRQEv
                0x080004f4       0x48 Application\CommComp\source\CRxBufferList.o
                0x080004f4                CRxBufferList::onRXIRQ()
 .text._ZN9CTxBufferC2Ev
                0x0800053c        0x8 Application\CommComp\source\CTxBuffer.o
                0x0800053c                CTxBuffer::CTxBuffer()
                0x0800053c                CTxBuffer::CTxBuffer()
 .text._ZN9CTxBuffer11writeBufferEPKh
                0x08000544       0x28 Application\CommComp\source\CTxBuffer.o
                0x08000544                CTxBuffer::writeBuffer(unsigned char const*)
 .text._ZN9CTxBuffer14getCurrentByteERh
                0x0800056c       0x1c Application\CommComp\source\CTxBuffer.o
                0x0800056c                CTxBuffer::getCurrentByte(unsigned char&)
 .text._ZN9CTxBuffer10isFinishedEv
                0x08000588        0xc Application\CommComp\source\CTxBuffer.o
                0x08000588                CTxBuffer::isFinished()
 .text._ZN13CTxBufferListC2ER6TUSARTILj1073811456EE
                0x08000594       0x3c Application\CommComp\source\CTxBufferList.o
                0x08000594                CTxBufferList::CTxBufferList(TUSART<1073811456u>&)
                0x08000594                CTxBufferList::CTxBufferList(TUSART<1073811456u>&)
 .text._ZN13CTxBufferList19incrementFirstIndexEv
                0x080005d0       0x14 Application\CommComp\source\CTxBufferList.o
                0x080005d0                CTxBufferList::incrementFirstIndex()
 .text._ZN13CTxBufferList18incrementLastIndexEv
                0x080005e4       0x14 Application\CommComp\source\CTxBufferList.o
                0x080005e4                CTxBufferList::incrementLastIndex()
 .text._ZN6TUSARTILj1073811456EE8sendByteEh
                0x080005f8        0xc Application\CommComp\source\CTxBufferList.o
                0x080005f8                TUSART<1073811456u>::sendByte(unsigned char)
 .text._ZN6TUSARTILj1073811456EE12disableTXIRQEv
                0x08000604       0x10 Application\CommComp\source\CTxBufferList.o
                0x08000604                TUSART<1073811456u>::disableTXIRQ()
 .text._ZN13CTxBufferList7onTXIRQEv
                0x08000614       0x4c Application\CommComp\source\CTxBufferList.o
                0x08000614                CTxBufferList::onTXIRQ()
 .text._ZN6TUSARTILj1073811456EE11enableTXIRQEv
                0x08000660       0x10 Application\CommComp\source\CTxBufferList.o
                0x08000660                TUSART<1073811456u>::enableTXIRQ()
 .text._ZN13CTxBufferList12writeMessageEPKh
                0x08000670       0x30 Application\CommComp\source\CTxBufferList.o
                0x08000670                CTxBufferList::writeMessage(unsigned char const*)
 .text._ZN14SCommComponent8dispatchERK8CMessage
                0x080006a0       0x58 Application\CommComp\source\SCommComponent.o
                0x080006a0                SCommComponent::dispatch(CMessage const&)
 .text._ZN14SCommComponentD2Ev
                0x080006f8       0x14 Application\CommComp\source\SCommComponent.o
                0x080006f8                SCommComponent::~SCommComponent()
                0x080006f8                SCommComponent::~SCommComponent()
 .text._ZN14SCommComponentD0Ev
                0x0800070c       0x1c Application\CommComp\source\SCommComponent.o
                0x0800070c                SCommComponent::~SCommComponent()
 .text._ZN6TUSARTILj1073811456EEC2Ev
                0x08000728        0xc Application\CommComp\source\SCommComponent.o
                0x08000728                TUSART<1073811456u>::TUSART()
                0x08000728                TUSART<1073811456u>::TUSART()
 .text._ZN14SCommComponentC2Ev
                0x08000734       0x34 Application\CommComp\source\SCommComponent.o
                0x08000734                SCommComponent::SCommComponent()
                0x08000734                SCommComponent::SCommComponent()
 .text._ZN14SCommComponent11getInstanceEv
                0x08000768       0x2c Application\CommComp\source\SCommComponent.o
                0x08000768                SCommComponent::getInstance()
 .text._ZN6TUSARTILj1073811456EE10checkRXIRQEv
                0x08000794       0x28 Application\CommComp\source\SCommComponent.o
                0x08000794                TUSART<1073811456u>::checkRXIRQ()
 .text._ZN6TUSARTILj1073811456EE10checkTXIRQEv
                0x080007bc       0x28 Application\CommComp\source\SCommComponent.o
                0x080007bc                TUSART<1073811456u>::checkTXIRQ()
 .text._ZN14SCommComponent10onUSARTIRQEv
                0x080007e4       0x2c Application\CommComp\source\SCommComponent.o
                0x080007e4                SCommComponent::onUSARTIRQ()
 .text._ZN10AComponentC2E12EComponentID
                0x08000810       0x20 Application\Component\source\AComponent.o
                0x08000810                AComponent::AComponent(EComponentID)
                0x08000810                AComponent::AComponent(EComponentID)
 .text._ZN10AComponent3runEv
                0x08000830       0x30 Application\Component\source\AComponent.o
                0x08000830                AComponent::run()
 .text._ZN10AComponentD2Ev
                0x08000860        0xc Application\Component\source\AComponent.o
                0x08000860                AComponent::~AComponent()
                0x08000860                AComponent::~AComponent()
 .text._Z41__static_initialization_and_destruction_0ii
                0x0800086c       0x24 Application\ControlComp\source\CBasicFSM.o
 .text._ZN9CBasicFSMC2ER21CControlActionHandlerMS_FbRK8CMessageE
                0x08000890       0x24 Application\ControlComp\source\CBasicFSM.o
                0x08000890                CBasicFSM::CBasicFSM(CControlActionHandler&, bool (CBasicFSM::*)(CMessage const&))
                0x08000890                CBasicFSM::CBasicFSM(CControlActionHandler&, bool (CBasicFSM::*)(CMessage const&))
 .text._ZN9CBasicFSM8dispatchERK8CMessage
                0x080008b4       0x20 Application\ControlComp\source\CBasicFSM.o
                0x080008b4                CBasicFSM::dispatch(CMessage const&)
 .text._ZN9CBasicFSM5entryERK8CMessage
                0x080008d4        0x8 Application\ControlComp\source\CBasicFSM.o
                0x080008d4                CBasicFSM::entry(CMessage const&)
 .text._ZN9CBasicFSM4exitEv
                0x080008dc       0x20 Application\ControlComp\source\CBasicFSM.o
                0x080008dc                CBasicFSM::exit()
 .text._GLOBAL__sub_I__ZN9CBasicFSM14sInternalQueueE
                0x080008fc       0x10 Application\ControlComp\source\CBasicFSM.o
 .text._ZN21CControlActionHandlerC2Ev
                0x0800090c       0x28 Application\ControlComp\source\CControlActionHandler.o
                0x0800090c                CControlActionHandler::CControlActionHandler()
                0x0800090c                CControlActionHandler::CControlActionHandler()
 .text._ZN21CControlActionHandler20onEntryConfigurationEv
                0x08000934       0x14 Application\ControlComp\source\CControlActionHandler.o
                0x08000934                CControlActionHandler::onEntryConfiguration()
 .text._ZN21CControlActionHandler19onExitConfigurationEv
                0x08000948        0x4 Application\ControlComp\source\CControlActionHandler.o
                0x08000948                CControlActionHandler::onExitConfiguration()
 .text._ZN21CControlActionHandler14onEntryRunningEv
                0x0800094c       0x24 Application\ControlComp\source\CControlActionHandler.o
                0x0800094c                CControlActionHandler::onEntryRunning()
 .text._ZN21CControlActionHandler13onExitRunningEv
                0x08000970        0xc Application\ControlComp\source\CControlActionHandler.o
                0x08000970                CControlActionHandler::onExitRunning()
 .text._ZN21CControlActionHandler11onEntryIdleEv
                0x0800097c       0x14 Application\ControlComp\source\CControlActionHandler.o
                0x0800097c                CControlActionHandler::onEntryIdle()
 .text._ZN21CControlActionHandler14onEntryBalanceEv
                0x08000990       0x20 Application\ControlComp\source\CControlActionHandler.o
                0x08000990                CControlActionHandler::onEntryBalance()
 .text._ZN21CControlActionHandler13onExitBalanceEv
                0x080009b0        0x4 Application\ControlComp\source\CControlActionHandler.o
                0x080009b0                CControlActionHandler::onExitBalance()
 .text._ZN21CControlActionHandler11onEntryJumpEv
                0x080009b4       0x20 Application\ControlComp\source\CControlActionHandler.o
                0x080009b4                CControlActionHandler::onEntryJump()
 .text._ZN21CControlActionHandler10onExitJumpEv
                0x080009d4        0x4 Application\ControlComp\source\CControlActionHandler.o
                0x080009d4                CControlActionHandler::onExitJump()
 .text._ZN21CControlActionHandler14onEntryWaitingEv
                0x080009d8       0x14 Application\ControlComp\source\CControlActionHandler.o
                0x080009d8                CControlActionHandler::onEntryWaiting()
 .text._ZN21CControlActionHandler13onExitWaitingEv
                0x080009ec        0x4 Application\ControlComp\source\CControlActionHandler.o
                0x080009ec                CControlActionHandler::onExitWaiting()
 .text._ZN21CControlActionHandler10onExitIdleEv
                0x080009f0        0x4 Application\ControlComp\source\CControlActionHandler.o
                0x080009f0                CControlActionHandler::onExitIdle()
 .text._ZN21CControlActionHandler11getJumpFlagEv
                0x080009f4        0x4 Application\ControlComp\source\CControlActionHandler.o
                0x080009f4                CControlActionHandler::getJumpFlag()
 .text._ZN21CControlActionHandler14getBalanceFlagEv
                0x080009f8        0x4 Application\ControlComp\source\CControlActionHandler.o
                0x080009f8                CControlActionHandler::getBalanceFlag()
 .text._ZN21CControlActionHandler14setBalanceFlagEh
                0x080009fc        0xc Application\ControlComp\source\CControlActionHandler.o
                0x080009fc                CControlActionHandler::setBalanceFlag(unsigned char)
 .text._ZN21CControlActionHandler11setJumpFlagEh
                0x08000a08        0xc Application\ControlComp\source\CControlActionHandler.o
                0x08000a08                CControlActionHandler::setJumpFlag(unsigned char)
 .text._ZN21CControlActionHandler15setTransmitFlagEh
                0x08000a14        0xc Application\ControlComp\source\CControlActionHandler.o
                0x08000a14                CControlActionHandler::setTransmitFlag(unsigned char)
 .text._ZN21CControlActionHandler16controlIterationEv
                0x08000a20        0x4 Application\ControlComp\source\CControlActionHandler.o
                0x08000a20                CControlActionHandler::controlIteration()
 .text._ZN21CControlActionHandler17onEntryAccelerateEv
                0x08000a24       0x20 Application\ControlComp\source\CControlActionHandler.o
                0x08000a24                CControlActionHandler::onEntryAccelerate()
 .text._ZN21CControlActionHandler16onExitAccelerateEv
                0x08000a44        0xc Application\ControlComp\source\CControlActionHandler.o
                0x08000a44                CControlActionHandler::onExitAccelerate()
 .text._ZN21CControlActionHandler12onEntryBrakeEv
                0x08000a50       0x1c Application\ControlComp\source\CControlActionHandler.o
                0x08000a50                CControlActionHandler::onEntryBrake()
 .text._ZN21CControlActionHandler11onExitBrakeEv
                0x08000a6c        0xc Application\ControlComp\source\CControlActionHandler.o
                0x08000a6c                CControlActionHandler::onExitBrake()
 .text._ZN21CControlActionHandler16breakingFinishedEv
                0x08000a78       0x14 Application\ControlComp\source\CControlActionHandler.o
                0x08000a78                CControlActionHandler::breakingFinished()
 .text._ZN21CControlActionHandler19jumpVelocityReachedEv
                0x08000a8c       0x14 Application\ControlComp\source\CControlActionHandler.o
                0x08000a8c                CControlActionHandler::jumpVelocityReached()
 .text._ZN21CControlActionHandler13cubeIsRestingEv
                0x08000aa0       0x14 Application\ControlComp\source\CControlActionHandler.o
                0x08000aa0                CControlActionHandler::cubeIsResting()
 .text._ZN21CControlActionHandler18phiK_inBalanceAreaEv
                0x08000ab4       0x14 Application\ControlComp\source\CControlActionHandler.o
                0x08000ab4                CControlActionHandler::phiK_inBalanceArea()
 .text._ZN11CControlFSM9onInitialERK8CMessage
                0x08000ac8       0x28 Application\ControlComp\source\CControlFSM.o
                0x08000ac8                CControlFSM::onInitial(CMessage const&)
 .text._ZN11CControlFSM15onConfigurationERK8CMessage
                0x08000af0       0x8c Application\ControlComp\source\CControlFSM.o
                0x08000af0                CControlFSM::onConfiguration(CMessage const&)
 .text._ZN11CControlFSM9onRunningERK8CMessage
                0x08000b7c       0x40 Application\ControlComp\source\CControlFSM.o
                0x08000b7c                CControlFSM::onRunning(CMessage const&)
 .text._ZN11CControlFSMC2ER21CControlActionHandler
                0x08000bbc       0x40 Application\ControlComp\source\CControlFSM.o
                0x08000bbc                CControlFSM::CControlFSM(CControlActionHandler&)
                0x08000bbc                CControlFSM::CControlFSM(CControlActionHandler&)
 .text._ZN11CControlFSM8dispatchERK8CMessage
                0x08000bfc       0x3c Application\ControlComp\source\CControlFSM.o
                0x08000bfc                CControlFSM::dispatch(CMessage const&)
 .text._ZN18CSimulatedHardware16controlIterationEv
                0x08000c38        0x4 Application\ControlComp\source\CSimulatedHardware.o
                0x08000c38                CSimulatedHardware::controlIteration()
 .text._ZN18CSimulatedHardwareD2Ev
                0x08000c3c        0xc Application\ControlComp\source\CSimulatedHardware.o
                0x08000c3c                CSimulatedHardware::~CSimulatedHardware()
                0x08000c3c                CSimulatedHardware::~CSimulatedHardware()
 .text._ZN18CSimulatedHardware14setMotorTorqueEt
                0x08000c48       0x20 Application\ControlComp\source\CSimulatedHardware.o
                0x08000c48                CSimulatedHardware::setMotorTorque(unsigned short)
 .text._ZN18CSimulatedHardware13activateBrakeEv
                0x08000c68       0x20 Application\ControlComp\source\CSimulatedHardware.o
                0x08000c68                CSimulatedHardware::activateBrake()
 .text._ZN18CSimulatedHardware15deactivateBrakeEv
                0x08000c88       0x20 Application\ControlComp\source\CSimulatedHardware.o
                0x08000c88                CSimulatedHardware::deactivateBrake()
 .text._ZN18CSimulatedHardware7getPhiKEv
                0x08000ca8       0x38 Application\ControlComp\source\CSimulatedHardware.o
                0x08000ca8                CSimulatedHardware::getPhiK()
 .text._ZN18CSimulatedHardware9getPhiK_dEv
                0x08000ce0       0x38 Application\ControlComp\source\CSimulatedHardware.o
                0x08000ce0                CSimulatedHardware::getPhiK_d()
 .text._ZN18CSimulatedHardware10getPhiK_ddEv
                0x08000d18       0x38 Application\ControlComp\source\CSimulatedHardware.o
                0x08000d18                CSimulatedHardware::getPhiK_dd()
 .text._ZN18CSimulatedHardware9getPhiR_dEv
                0x08000d50       0x38 Application\ControlComp\source\CSimulatedHardware.o
                0x08000d50                CSimulatedHardware::getPhiR_d()
 .text._ZN18CSimulatedHardwareD0Ev
                0x08000d88       0x14 Application\ControlComp\source\CSimulatedHardware.o
                0x08000d88                CSimulatedHardware::~CSimulatedHardware()
 .text._ZN6TUSARTILj1073760256EEC2Ev
                0x08000d9c        0xc Application\ControlComp\source\CSimulatedHardware.o
                0x08000d9c                TUSART<1073760256u>::TUSART()
                0x08000d9c                TUSART<1073760256u>::TUSART()
 .text._ZN18CSimulatedHardwareC2Ev
                0x08000da8       0x18 Application\ControlComp\source\CSimulatedHardware.o
                0x08000da8                CSimulatedHardware::CSimulatedHardware()
                0x08000da8                CSimulatedHardware::CSimulatedHardware()
 .text._ZN10CStateJump9onInitialERK8CMessage
                0x08000dc0       0x30 Application\ControlComp\source\CStateJump.o
                0x08000dc0                CStateJump::onInitial(CMessage const&)
 .text._ZN10CStateJump9onWaitingERK8CMessage
                0x08000df0       0x90 Application\ControlComp\source\CStateJump.o
                0x08000df0                CStateJump::onWaiting(CMessage const&)
 .text._ZN10CStateJump12onAccelerateERK8CMessage
                0x08000e80       0xdc Application\ControlComp\source\CStateJump.o
                0x08000e80                CStateJump::onAccelerate(CMessage const&)
 .text._ZN10CStateJump7onBrakeERK8CMessage
                0x08000f5c       0x70 Application\ControlComp\source\CStateJump.o
                0x08000f5c                CStateJump::onBrake(CMessage const&)
 .text._ZN10CStateJumpC2ER21CControlActionHandler
                0x08000fcc       0x24 Application\ControlComp\source\CStateJump.o
                0x08000fcc                CStateJump::CStateJump(CControlActionHandler&)
                0x08000fcc                CStateJump::CStateJump(CControlActionHandler&)
 .text._ZN13CStateRunning9onInitialERK8CMessage
                0x08000ff0       0x30 Application\ControlComp\source\CStateRunning.o
                0x08000ff0                CStateRunning::onInitial(CMessage const&)
 .text._ZN13CStateRunning6onIdleERK8CMessage
                0x08001020       0xd4 Application\ControlComp\source\CStateRunning.o
                0x08001020                CStateRunning::onIdle(CMessage const&)
 .text._ZN13CStateRunning9onBalanceERK8CMessage
                0x080010f4       0x94 Application\ControlComp\source\CStateRunning.o
                0x080010f4                CStateRunning::onBalance(CMessage const&)
 .text._ZN13CStateRunning6onJumpERK8CMessage
                0x08001188       0x60 Application\ControlComp\source\CStateRunning.o
                0x08001188                CStateRunning::onJump(CMessage const&)
 .text._ZN13CStateRunningC2ER21CControlActionHandler
                0x080011e8       0x30 Application\ControlComp\source\CStateRunning.o
                0x080011e8                CStateRunning::CStateRunning(CControlActionHandler&)
                0x080011e8                CStateRunning::CStateRunning(CControlActionHandler&)
 .text._ZN17SControlComponent8dispatchERK8CMessage
                0x08001218        0xc Application\ControlComp\source\SControlComponent.o
                0x08001218                SControlComponent::dispatch(CMessage const&)
 .text._ZN17SControlComponentD2Ev
                0x08001224       0x14 Application\ControlComp\source\SControlComponent.o
                0x08001224                SControlComponent::~SControlComponent()
                0x08001224                SControlComponent::~SControlComponent()
 .text._ZN17SControlComponentD0Ev
                0x08001238       0x1c Application\ControlComp\source\SControlComponent.o
                0x08001238                SControlComponent::~SControlComponent()
 .text._Z41__static_initialization_and_destruction_0ii
                0x08001254       0x34 Application\ControlComp\source\SControlComponent.o
 .text._ZN17SControlComponentC2Ev
                0x08001288       0x24 Application\ControlComp\source\SControlComponent.o
                0x08001288                SControlComponent::SControlComponent()
                0x08001288                SControlComponent::SControlComponent()
 .text._ZN17SControlComponent11getInstanceEv
                0x080012ac       0x2c Application\ControlComp\source\SControlComponent.o
                0x080012ac                SControlComponent::getInstance()
 .text._GLOBAL__sub_I__ZN17SControlComponent9sInstanceE
                0x080012d8       0x10 Application\ControlComp\source\SControlComponent.o
 .text._GLOBAL__sub_D__ZN17SControlComponent9sInstanceE
                0x080012e8       0x10 Application\ControlComp\source\SControlComponent.o
 .text._ZN10SSoftTimerC2Ev
                0x080012f8       0x10 Application\ControlComp\source\SSoftTimer.o
                0x080012f8                SSoftTimer::SSoftTimer()
                0x080012f8                SSoftTimer::SSoftTimer()
 .text._ZN10SSoftTimer11getInstanceEv
                0x08001308       0x2c Application\ControlComp\source\SSoftTimer.o
                0x08001308                SSoftTimer::getInstance()
 .text._ZN10SSoftTimer5startEv
                0x08001334        0x8 Application\ControlComp\source\SSoftTimer.o
                0x08001334                SSoftTimer::start()
 .text._ZN10SSoftTimer4stopEv
                0x0800133c        0x8 Application\ControlComp\source\SSoftTimer.o
                0x0800133c                SSoftTimer::stop()
 .text._ZN10SSoftTimer9setPeriodEj
                0x08001344        0x4 Application\ControlComp\source\SSoftTimer.o
                0x08001344                SSoftTimer::setPeriod(unsigned int)
 .text._ZN10SSoftTimer9onSysTickEv
                0x08001348       0x20 Application\ControlComp\source\SSoftTimer.o
                0x08001348                SSoftTimer::onSysTick()
 .text._ZN6TUSARTILj1073760256EE15blockReadBufferEv
                0x08001368       0x1c Application\HardwareInterface\source\TUSART.o
                0x08001368                TUSART<1073760256u>::blockReadBuffer()
 .text._ZN6TUSARTILj1073760256EE13blockSendByteEh
                0x08001384       0x18 Application\HardwareInterface\source\TUSART.o
                0x08001384                TUSART<1073760256u>::blockSendByte(unsigned char)
 .text._ZN8TPortPinILj1073873920ELj6EE10setPinModeE8EPinMode
                0x0800139c       0x18 Application\HardwareInterface\source\TUSART.o
                0x0800139c                TPortPin<1073873920u, 6u>::setPinMode(EPinMode)
 .text._ZN8TPortPinILj1073873920ELj6EE13setOutputTypeE11EOutputType
                0x080013b4       0x18 Application\HardwareInterface\source\TUSART.o
                0x080013b4                TPortPin<1073873920u, 6u>::setOutputType(EOutputType)
 .text._ZN8TPortPinILj1073873920ELj6EE8setSpeedE6ESpeed
                0x080013cc       0x18 Application\HardwareInterface\source\TUSART.o
                0x080013cc                TPortPin<1073873920u, 6u>::setSpeed(ESpeed)
 .text._ZN8TPortPinILj1073873920ELj6EE11setPullTypeE9EPullType
                0x080013e4       0x18 Application\HardwareInterface\source\TUSART.o
                0x080013e4                TPortPin<1073873920u, 6u>::setPullType(EPullType)
 .text._ZN8TPortPinILj1073873920ELj6EE20setAlternateFunctionE18EAlternateFunction
                0x080013fc       0x18 Application\HardwareInterface\source\TUSART.o
                0x080013fc                TPortPin<1073873920u, 6u>::setAlternateFunction(EAlternateFunction)
 .text._ZN8TPortPinILj1073873920ELj6EEC2E8EPinMode11EOutputType6ESpeed9EPullType18EAlternateFunction
                0x08001414       0x5c Application\HardwareInterface\source\TUSART.o
                0x08001414                TPortPin<1073873920u, 6u>::TPortPin(EPinMode, EOutputType, ESpeed, EPullType, EAlternateFunction)
                0x08001414                TPortPin<1073873920u, 6u>::TPortPin(EPinMode, EOutputType, ESpeed, EPullType, EAlternateFunction)
 .text._ZN8TPortPinILj1073873920ELj7EE10setPinModeE8EPinMode
                0x08001470       0x18 Application\HardwareInterface\source\TUSART.o
                0x08001470                TPortPin<1073873920u, 7u>::setPinMode(EPinMode)
 .text._ZN8TPortPinILj1073873920ELj7EE13setOutputTypeE11EOutputType
                0x08001488       0x18 Application\HardwareInterface\source\TUSART.o
                0x08001488                TPortPin<1073873920u, 7u>::setOutputType(EOutputType)
 .text._ZN8TPortPinILj1073873920ELj7EE8setSpeedE6ESpeed
                0x080014a0       0x18 Application\HardwareInterface\source\TUSART.o
                0x080014a0                TPortPin<1073873920u, 7u>::setSpeed(ESpeed)
 .text._ZN8TPortPinILj1073873920ELj7EE11setPullTypeE9EPullType
                0x080014b8       0x18 Application\HardwareInterface\source\TUSART.o
                0x080014b8                TPortPin<1073873920u, 7u>::setPullType(EPullType)
 .text._ZN8TPortPinILj1073873920ELj7EE20setAlternateFunctionE18EAlternateFunction
                0x080014d0       0x18 Application\HardwareInterface\source\TUSART.o
                0x080014d0                TPortPin<1073873920u, 7u>::setAlternateFunction(EAlternateFunction)
 .text._ZN8TPortPinILj1073873920ELj7EEC2E8EPinMode11EOutputType6ESpeed9EPullType18EAlternateFunction
                0x080014e8       0x5c Application\HardwareInterface\source\TUSART.o
                0x080014e8                TPortPin<1073873920u, 7u>::TPortPin(EPinMode, EOutputType, ESpeed, EPullType, EAlternateFunction)
                0x080014e8                TPortPin<1073873920u, 7u>::TPortPin(EPinMode, EOutputType, ESpeed, EPullType, EAlternateFunction)
 .text._ZN6TUSARTILj1073811456EE4initEv
                0x08001544       0x8c Application\HardwareInterface\source\TUSART.o
                0x08001544                TUSART<1073811456u>::init()
 .text._ZN8TPortPinILj1073874944ELj10EE10setPinModeE8EPinMode
                0x080015d0       0x18 Application\HardwareInterface\source\TUSART.o
                0x080015d0                TPortPin<1073874944u, 10u>::setPinMode(EPinMode)
 .text._ZN8TPortPinILj1073874944ELj10EE13setOutputTypeE11EOutputType
                0x080015e8       0x18 Application\HardwareInterface\source\TUSART.o
                0x080015e8                TPortPin<1073874944u, 10u>::setOutputType(EOutputType)
 .text._ZN8TPortPinILj1073874944ELj10EE8setSpeedE6ESpeed
                0x08001600       0x18 Application\HardwareInterface\source\TUSART.o
                0x08001600                TPortPin<1073874944u, 10u>::setSpeed(ESpeed)
 .text._ZN8TPortPinILj1073874944ELj10EE11setPullTypeE9EPullType
                0x08001618       0x18 Application\HardwareInterface\source\TUSART.o
                0x08001618                TPortPin<1073874944u, 10u>::setPullType(EPullType)
 .text._ZN8TPortPinILj1073874944ELj10EE20setAlternateFunctionE18EAlternateFunction
                0x08001630       0x1c Application\HardwareInterface\source\TUSART.o
                0x08001630                TPortPin<1073874944u, 10u>::setAlternateFunction(EAlternateFunction)
 .text._ZN8TPortPinILj1073874944ELj10EEC2E8EPinMode11EOutputType6ESpeed9EPullType18EAlternateFunction
                0x0800164c       0x5c Application\HardwareInterface\source\TUSART.o
                0x0800164c                TPortPin<1073874944u, 10u>::TPortPin(EPinMode, EOutputType, ESpeed, EPullType, EAlternateFunction)
                0x0800164c                TPortPin<1073874944u, 10u>::TPortPin(EPinMode, EOutputType, ESpeed, EPullType, EAlternateFunction)
 .text._ZN8TPortPinILj1073874944ELj11EE10setPinModeE8EPinMode
                0x080016a8       0x18 Application\HardwareInterface\source\TUSART.o
                0x080016a8                TPortPin<1073874944u, 11u>::setPinMode(EPinMode)
 .text._ZN8TPortPinILj1073874944ELj11EE13setOutputTypeE11EOutputType
                0x080016c0       0x18 Application\HardwareInterface\source\TUSART.o
                0x080016c0                TPortPin<1073874944u, 11u>::setOutputType(EOutputType)
 .text._ZN8TPortPinILj1073874944ELj11EE8setSpeedE6ESpeed
                0x080016d8       0x18 Application\HardwareInterface\source\TUSART.o
                0x080016d8                TPortPin<1073874944u, 11u>::setSpeed(ESpeed)
 .text._ZN8TPortPinILj1073874944ELj11EE11setPullTypeE9EPullType
                0x080016f0       0x18 Application\HardwareInterface\source\TUSART.o
                0x080016f0                TPortPin<1073874944u, 11u>::setPullType(EPullType)
 .text._ZN8TPortPinILj1073874944ELj11EE20setAlternateFunctionE18EAlternateFunction
                0x08001708       0x1c Application\HardwareInterface\source\TUSART.o
                0x08001708                TPortPin<1073874944u, 11u>::setAlternateFunction(EAlternateFunction)
 .text._ZN8TPortPinILj1073874944ELj11EEC2E8EPinMode11EOutputType6ESpeed9EPullType18EAlternateFunction
                0x08001724       0x5c Application\HardwareInterface\source\TUSART.o
                0x08001724                TPortPin<1073874944u, 11u>::TPortPin(EPinMode, EOutputType, ESpeed, EPullType, EAlternateFunction)
                0x08001724                TPortPin<1073874944u, 11u>::TPortPin(EPinMode, EOutputType, ESpeed, EPullType, EAlternateFunction)
 .text._ZN6TUSARTILj1073760256EE4initEv
                0x08001780       0x8c Application\HardwareInterface\source\TUSART.o
                0x08001780                TUSART<1073760256u>::init()
 .text._ZNK8CMessage11getReceiverEv
                0x0800180c        0x4 Application\Message\source\CMessage.o
                0x0800180c                CMessage::getReceiver() const
 .text._ZNK8CMessage15getControlEventEv
                0x08001810        0x4 Application\Message\source\CMessage.o
                0x08001810                CMessage::getControlEvent() const
 .text._ZNK8CMessage12getCommEventEv
                0x08001814        0x4 Application\Message\source\CMessage.o
                0x08001814                CMessage::getCommEvent() const
 .text._ZN8CMessage7setDataEj
                0x08001818        0x4 Application\Message\source\CMessage.o
                0x08001818                CMessage::setData(unsigned int)
 .text._ZNK8CMessage7getDataEv
                0x0800181c        0x4 Application\Message\source\CMessage.o
                0x0800181c                CMessage::getData() const
 .text._ZN8CMessage7setByteEhh
                0x08001820        0xc Application\Message\source\CMessage.o
                0x08001820                CMessage::setByte(unsigned char, unsigned char)
 .text._ZN8CMessageC2E12EComponentIDS0_13EControlEvent
                0x0800182c       0x14 Application\Message\source\CMessage.o
                0x0800182c                CMessage::CMessage(EComponentID, EComponentID, EControlEvent)
                0x0800182c                CMessage::CMessage(EComponentID, EComponentID, EControlEvent)
 .text._ZN8CMessageC2E12EComponentIDS0_10ECommEvent
                0x08001840       0x14 Application\Message\source\CMessage.o
                0x08001840                CMessage::CMessage(EComponentID, EComponentID, ECommEvent)
                0x08001840                CMessage::CMessage(EComponentID, EComponentID, ECommEvent)
 .text._ZN6SProxyC2Ev
                0x08001854       0x14 Application\Message\source\SProxy.o
                0x08001854                SProxy::SProxy()
                0x08001854                SProxy::SProxy()
 .text._ZN6SProxy11getInstanceEv
                0x08001868       0x2c Application\Message\source\SProxy.o
                0x08001868                SProxy::getInstance()
 .text._ZN6SProxy12startControlE12EComponentID
                0x08001894       0x24 Application\Message\source\SProxy.o
                0x08001894                SProxy::startControl(EComponentID)
 .text._ZN6SProxy11stopControlE12EComponentID
                0x080018b8       0x24 Application\Message\source\SProxy.o
                0x080018b8                SProxy::stopControl(EComponentID)
 .text._ZN6SProxy11setJumpFlagE12EComponentIDh
                0x080018dc       0x30 Application\Message\source\SProxy.o
                0x080018dc                SProxy::setJumpFlag(EComponentID, unsigned char)
 .text._ZN6SProxy14setBalanceFlagE12EComponentIDh
                0x0800190c       0x30 Application\Message\source\SProxy.o
                0x0800190c                SProxy::setBalanceFlag(EComponentID, unsigned char)
 .text._ZN6SProxy15setTransmitFlagE12EComponentIDh
                0x0800193c       0x30 Application\Message\source\SProxy.o
                0x0800193c                SProxy::setTransmitFlag(EComponentID, unsigned char)
 .text._ZN6SProxy4jumpE12EComponentID
                0x0800196c       0x24 Application\Message\source\SProxy.o
                0x0800196c                SProxy::jump(EComponentID)
 .text._ZN6SProxy13timerCallbackEv
                0x08001990       0x24 Application\Message\source\SProxy.o
                0x08001990                SProxy::timerCallback()
 .text._ZN6SProxy19commMessageReceivedE12EComponentID
                0x080019b4       0x24 Application\Message\source\SProxy.o
                0x080019b4                SProxy::commMessageReceived(EComponentID)
 .text._ZN6SProxy18transmitStateEntryE12EComponentID6EState
                0x080019d8       0x2c Application\Message\source\SProxy.o
                0x080019d8                SProxy::transmitStateEntry(EComponentID, EState)
 .text.vApplicationStackOverflowHook
                0x08001a04        0x4 FreeRTOS\source\FreeRTOS_HookFunctions.o
                0x08001a04                vApplicationStackOverflowHook
 .text.vApplicationTickHook
                0x08001a08        0xc FreeRTOS\source\FreeRTOS_HookFunctions.o
                0x08001a08                vApplicationTickHook
 .text.pvPortMalloc
                0x08001a14       0x5c FreeRTOS\source\heap_1.o
                0x08001a14                pvPortMalloc
 .text.vPortFree
                0x08001a70        0x4 FreeRTOS\source\heap_1.o
                0x08001a70                vPortFree
 .text.vListInitialise
                0x08001a74       0x18 FreeRTOS\source\list.o
                0x08001a74                vListInitialise
 .text.vListInitialiseItem
                0x08001a8c        0x8 FreeRTOS\source\list.o
                0x08001a8c                vListInitialiseItem
 .text.vListInsertEnd
                0x08001a94       0x18 FreeRTOS\source\list.o
                0x08001a94                vListInsertEnd
 .text.vListInsert
                0x08001aac       0x34 FreeRTOS\source\list.o
                0x08001aac                vListInsert
 .text.uxListRemove
                0x08001ae0       0x24 FreeRTOS\source\list.o
                0x08001ae0                uxListRemove
 .text.prvTaskExitError
                0x08001b04       0x14 FreeRTOS\source\port.o
 .text.prvPortStartFirstTask
                0x08001b18       0x20 FreeRTOS\source\port.o
 .text.vPortEnableVFP
                0x08001b38       0x14 FreeRTOS\source\port.o
 .text.pxPortInitialiseStack
                0x08001b4c       0x28 FreeRTOS\source\port.o
                0x08001b4c                pxPortInitialiseStack
 *fill*         0x08001b74        0xc 
 .text.SVC_Handler
                0x08001b80       0x24 FreeRTOS\source\port.o
                0x08001b80                SVC_Handler
 .text.vPortEnterCritical
                0x08001ba4       0x20 FreeRTOS\source\port.o
                0x08001ba4                vPortEnterCritical
 .text.vPortExitCritical
                0x08001bc4       0x14 FreeRTOS\source\port.o
                0x08001bc4                vPortExitCritical
 *fill*         0x08001bd8        0x8 
 .text.PendSV_Handler
                0x08001be0       0x64 FreeRTOS\source\port.o
                0x08001be0                PendSV_Handler
 .text.SysTick_Handler
                0x08001c44       0x2c FreeRTOS\source\port.o
                0x08001c44                SysTick_Handler
 .text.vPortSetupTimerInterrupt
                0x08001c70       0x18 FreeRTOS\source\port.o
                0x08001c70                vPortSetupTimerInterrupt
 .text.xPortStartScheduler
                0x08001c88       0x40 FreeRTOS\source\port.o
                0x08001c88                xPortStartScheduler
 .text.prvIsQueueFull
                0x08001cc8       0x20 FreeRTOS\source\queue.o
 .text.prvIsQueueEmpty
                0x08001ce8       0x1c FreeRTOS\source\queue.o
 .text.prvCopyDataToQueue
                0x08001d04       0x78 FreeRTOS\source\queue.o
 .text.prvCopyDataFromQueue
                0x08001d7c       0x24 FreeRTOS\source\queue.o
 .text.prvUnlockQueue
                0x08001da0       0x68 FreeRTOS\source\queue.o
 .text.xQueueGenericReset
                0x08001e08       0x6c FreeRTOS\source\queue.o
                0x08001e08                xQueueGenericReset
 .text.prvInitialiseNewQueue
                0x08001e74       0x24 FreeRTOS\source\queue.o
 .text.xQueueGenericCreate
                0x08001e98       0x34 FreeRTOS\source\queue.o
                0x08001e98                xQueueGenericCreate
 .text.xQueueGenericSend
                0x08001ecc      0x108 FreeRTOS\source\queue.o
                0x08001ecc                xQueueGenericSend
 .text.xQueueGenericSendFromISR
                0x08001fd4       0x70 FreeRTOS\source\queue.o
                0x08001fd4                xQueueGenericSendFromISR
 .text.xQueueGenericReceive
                0x08002044      0x140 FreeRTOS\source\queue.o
                0x08002044                xQueueGenericReceive
 .text.prvResetNextTaskUnblockTime
                0x08002184       0x34 FreeRTOS\source\tasks.o
 .text.prvDeleteTCB
                0x080021b8       0x14 FreeRTOS\source\tasks.o
 .text.prvInitialiseNewTask
                0x080021cc       0x90 FreeRTOS\source\tasks.o
 .text.prvInitialiseTaskLists
                0x0800225c       0x68 FreeRTOS\source\tasks.o
 .text.prvAddNewTaskToReadyList
                0x080022c4       0xac FreeRTOS\source\tasks.o
 .text.prvAddCurrentTaskToDelayedList
                0x08002370       0x98 FreeRTOS\source\tasks.o
 .text.xTaskCreate
                0x08002408       0x60 FreeRTOS\source\tasks.o
                0x08002408                xTaskCreate
 .text.vTaskStartScheduler
                0x08002468       0x60 FreeRTOS\source\tasks.o
                0x08002468                vTaskStartScheduler
 .text.vTaskSuspendAll
                0x080024c8       0x10 FreeRTOS\source\tasks.o
                0x080024c8                vTaskSuspendAll
 .text.xTaskIncrementTick
                0x080024d8      0x118 FreeRTOS\source\tasks.o
                0x080024d8                xTaskIncrementTick
 .text.xTaskResumeAll
                0x080025f0       0xe0 FreeRTOS\source\tasks.o
                0x080025f0                xTaskResumeAll
 .text.prvCheckTasksWaitingTermination
                0x080026d0       0x54 FreeRTOS\source\tasks.o
 .text.prvIdleTask
                0x08002724       0x28 FreeRTOS\source\tasks.o
 .text.vTaskSwitchContext
                0x0800274c       0xa8 FreeRTOS\source\tasks.o
                0x0800274c                vTaskSwitchContext
 .text.vTaskPlaceOnEventList
                0x080027f4       0x1c FreeRTOS\source\tasks.o
                0x080027f4                vTaskPlaceOnEventList
 .text.xTaskRemoveFromEventList
                0x08002810       0x78 FreeRTOS\source\tasks.o
                0x08002810                xTaskRemoveFromEventList
 .text.vTaskSetTimeOutState
                0x08002888       0x18 FreeRTOS\source\tasks.o
                0x08002888                vTaskSetTimeOutState
 .text.xTaskCheckForTimeOut
                0x080028a0       0x58 FreeRTOS\source\tasks.o
                0x080028a0                xTaskCheckForTimeOut
 .text.vTaskMissedYield
                0x080028f8        0xc FreeRTOS\source\tasks.o
                0x080028f8                vTaskMissedYield
 .text.vTaskPriorityInherit
                0x08002904       0xa8 FreeRTOS\source\tasks.o
                0x08002904                vTaskPriorityInherit
 .text.xTaskPriorityDisinherit
                0x080029ac       0x84 FreeRTOS\source\tasks.o
                0x080029ac                xTaskPriorityDisinherit
 .text.pvTaskIncrementMutexHeldCount
                0x08002a30       0x1c FreeRTOS\source\tasks.o
                0x08002a30                pvTaskIncrementMutexHeldCount
 .text.SystemClock_Config
                0x08002a4c       0x9c src\_initialize_hardware.o
                0x08002a4c                SystemClock_Config
 .text.__initialize_hardware
                0x08002ae8       0x10 src\_initialize_hardware.o
                0x08002ae8                __initialize_hardware
 .text._Z12vControlTaskPv
                0x08002af8        0xc src\main.o
                0x08002af8                vControlTask(void*)
 .text._Z9vCommTaskPv
                0x08002b04        0xc src\main.o
                0x08002b04                vCommTask(void*)
 .text.main     0x08002b10       0x54 src\main.o
                0x08002b10                main
 .text.HAL_MspInit
                0x08002b64        0x4 src\stm32f4xx_hal_msp.o
                0x08002b64                HAL_MspInit
 .text.SystemInit
                0x08002b68       0x4c system\src\cmsis\system_stm32f4xx.o
                0x08002b68                SystemInit
 .text.SystemCoreClockUpdate
                0x08002bb4       0xa0 system\src\cmsis\system_stm32f4xx.o
                0x08002bb4                SystemCoreClockUpdate
 .text.__initialize_hardware_early
                0x08002c54       0x24 system\src\cortexm\_initialize_hardware.o
                0x08002c54                __initialize_hardware_early
 .text.__cxa_pure_virtual
                0x08002c78        0x8 system\src\newlib\_cxx.o
                0x08002c78                __cxa_pure_virtual
 .text._exit    0x08002c80        0x4 system\src\newlib\_exit.o
                0x08002c80                _exit
 .text.abort    0x08002c84        0x8 system\src\newlib\_exit.o
                0x08002c84                abort
 .text.__initialize_args
                0x08002c8c       0x10 system\src\newlib\_syscalls.o
                0x08002c8c                __initialize_args
 .text.assert_failed
                0x08002c9c        0x8 system\src\newlib\assert.o
                0x08002c9c                assert_failed
 .text.HAL_InitTick
                0x08002ca4       0x28 system\src\stm32f4-hal\stm32f4xx_hal.o
                0x08002ca4                HAL_InitTick
 .text.HAL_Init
                0x08002ccc       0x34 system\src\stm32f4-hal\stm32f4xx_hal.o
                0x08002ccc                HAL_Init
 .text.HAL_GetTick
                0x08002d00        0xc system\src\stm32f4-hal\stm32f4xx_hal.o
                0x08002d00                HAL_GetTick
 .text.HAL_NVIC_SetPriorityGrouping
                0x08002d0c       0x3c system\src\stm32f4-hal\stm32f4xx_hal_cortex.o
                0x08002d0c                HAL_NVIC_SetPriorityGrouping
 .text.HAL_NVIC_SetPriority
                0x08002d48       0x84 system\src\stm32f4-hal\stm32f4xx_hal_cortex.o
                0x08002d48                HAL_NVIC_SetPriority
 .text.HAL_SYSTICK_Config
                0x08002dcc       0x2c system\src\stm32f4-hal\stm32f4xx_hal_cortex.o
                0x08002dcc                HAL_SYSTICK_Config
 .text.HAL_SYSTICK_CLKSourceConfig
                0x08002df8       0x38 system\src\stm32f4-hal\stm32f4xx_hal_cortex.o
                0x08002df8                HAL_SYSTICK_CLKSourceConfig
 .text.HAL_RCC_OscConfig
                0x08002e30      0x448 system\src\stm32f4-hal\stm32f4xx_hal_rcc.o
                0x08002e30                HAL_RCC_OscConfig
 .text.HAL_RCC_ClockConfig
                0x08003278      0x22c system\src\stm32f4-hal\stm32f4xx_hal_rcc.o
                0x08003278                HAL_RCC_ClockConfig
 .text.HAL_RCC_GetSysClockFreq
                0x080034a4       0xa4 system\src\stm32f4-hal\stm32f4xx_hal_rcc.o
                0x080034a4                HAL_RCC_GetSysClockFreq
 .text.HAL_RCC_GetHCLKFreq
                0x08003548       0x34 system\src\stm32f4-hal\stm32f4xx_hal_rcc.o
                0x08003548                HAL_RCC_GetHCLKFreq
 .text._ZdlPv   0x0800357c        0x4 c:/program files (x86)/gnu tools arm embedded/5.3 2016q1/bin/../lib/gcc/arm-none-eabi/5.3.1/../../../../arm-none-eabi/lib/armv7e-m/softfp\libstdc++_nano.a(del_op.o)
                0x0800357c                operator delete(void*)
 .text.free     0x08003580       0x10 c:/program files (x86)/gnu tools arm embedded/5.3 2016q1/bin/../lib/gcc/arm-none-eabi/5.3.1/../../../../arm-none-eabi/lib/armv7e-m/softfp\libg_nano.a(lib_a-malloc.o)
                0x08003580                free
 .text.memcpy   0x08003590       0x16 c:/program files (x86)/gnu tools arm embedded/5.3 2016q1/bin/../lib/gcc/arm-none-eabi/5.3.1/../../../../arm-none-eabi/lib/armv7e-m/softfp\libg_nano.a(lib_a-memcpy-stub.o)
                0x08003590                memcpy
 .text.memset   0x080035a6       0x10 c:/program files (x86)/gnu tools arm embedded/5.3 2016q1/bin/../lib/gcc/arm-none-eabi/5.3.1/../../../../arm-none-eabi/lib/armv7e-m/softfp\libg_nano.a(lib_a-memset.o)
                0x080035a6                memset
 *fill*         0x080035b6        0x2 
 .text._free_r  0x080035b8       0x8c c:/program files (x86)/gnu tools arm embedded/5.3 2016q1/bin/../lib/gcc/arm-none-eabi/5.3.1/../../../../arm-none-eabi/lib/armv7e-m/softfp\libg_nano.a(lib_a-nano-freer.o)
                0x080035b8                _free_r
 *(.rodata .rodata.* .constdata .constdata.*)
 .rodata._ZTV14SCommComponent
                0x08003644       0x14 Application\CommComp\source\SCommComponent.o
                0x08003644                vtable for SCommComponent
 .rodata._ZTV10AComponent
                0x08003658       0x14 Application\Component\source\AComponent.o
                0x08003658                vtable for AComponent
 .rodata._ZTV18IHardwareInterface
                0x0800366c       0x30 Application\ControlComp\source\CSimulatedHardware.o
                0x0800366c                vtable for IHardwareInterface
 .rodata._ZTV18CSimulatedHardware
                0x0800369c       0x30 Application\ControlComp\source\CSimulatedHardware.o
                0x0800369c                vtable for CSimulatedHardware
 .rodata._ZTV17SControlComponent
                0x080036cc       0x14 Application\ControlComp\source\SControlComponent.o
                0x080036cc                vtable for SControlComponent
 .rodata.str1.4
                0x080036e0        0x5 FreeRTOS\source\tasks.o
 *fill*         0x080036e5        0x3 
 .rodata.str1.4
                0x080036e8       0x15 src\main.o
 *fill*         0x080036fd        0x3 
 .rodata.AHBPrescTable
                0x08003700       0x10 system\src\cmsis\system_stm32f4xx.o
                0x08003700                AHBPrescTable
 .rodata.str1.4
                0x08003710       0x31 system\src\stm32f4-hal\stm32f4xx_hal_cortex.o
 *fill*         0x08003741        0x3 
 .rodata.APBAHBPrescTable
                0x08003744       0x10 system\src\stm32f4-hal\stm32f4xx_hal_rcc.o
                0x08003744                APBAHBPrescTable
 .rodata.str1.4
                0x08003754       0x30 system\src\stm32f4-hal\stm32f4xx_hal_rcc.o
                                 0x2e (size before relaxing)
 .rodata.str1.1
                0x08003784        0x2 c:/program files (x86)/gnu tools arm embedded/5.3 2016q1/bin/../lib/gcc/arm-none-eabi/5.3.1/../../../../arm-none-eabi/lib/armv7e-m/softfp\libg_nano.a(lib_a-impure.o)
 *(vtable)
 *(.eh_frame*)
 *(.glue_7)
 .glue_7        0x08003786        0x0 linker stubs
 *(.glue_7t)
 .glue_7t       0x08003786        0x0 linker stubs

.vfp11_veneer   0x08003788        0x0
 .vfp11_veneer  0x08003788        0x0 linker stubs

.v4_bx          0x08003788        0x0
 .v4_bx         0x08003788        0x0 linker stubs

.iplt           0x08003788        0x0
 .iplt          0x08003788        0x0 Application\Basic\source\Interrupt.o

.rel.dyn        0x08003788        0x0
 .rel.iplt      0x08003788        0x0 Application\Basic\source\Interrupt.o

.ARM.extab
 *(.ARM.extab* .gnu.linkonce.armextab.*)
                0x08003788                . = ALIGN (0x4)
                0x08003788                __exidx_start = .

.ARM.exidx
 *(.ARM.exidx* .gnu.linkonce.armexidx.*)
                0x08003788                __exidx_end = .
                0x08003788                . = ALIGN (0x4)
                0x08003788                _etext = .
                0x08003788                __etext = .

.data_CCMRAM    0x10000000        0x0 load address 0x08003788
 FILL mask 0xff
 *(.data.CCMRAM .data.CCMRAM.*)
                0x10000000                . = ALIGN (0x4)
                0x08003788                _sidata = LOADADDR (.data)

.data           0x20000000       0x7c load address 0x08003788
 FILL mask 0xff
                0x20000000                _sdata = .
                0x20000000                __data_start__ = .
 *(.data_begin .data_begin.*)
 .data_begin    0x20000000        0x4 system\src\newlib\_startup.o
 *(.data .data.*)
 .data.uxCriticalNesting
                0x20000004        0x4 FreeRTOS\source\port.o
 .data.SystemCoreClock
                0x20000008        0x4 system\src\cmsis\system_stm32f4xx.o
                0x20000008                SystemCoreClock
 .data.argv.4257
                0x2000000c        0x8 system\src\newlib\_syscalls.o
 .data.impure_data
                0x20000014       0x60 c:/program files (x86)/gnu tools arm embedded/5.3 2016q1/bin/../lib/gcc/arm-none-eabi/5.3.1/../../../../arm-none-eabi/lib/armv7e-m/softfp\libg_nano.a(lib_a-impure.o)
 .data._impure_ptr
                0x20000074        0x4 c:/program files (x86)/gnu tools arm embedded/5.3 2016q1/bin/../lib/gcc/arm-none-eabi/5.3.1/../../../../arm-none-eabi/lib/armv7e-m/softfp\libg_nano.a(lib_a-impure.o)
                0x20000074                _impure_ptr
 *(.data_end .data_end.*)
 .data_end      0x20000078        0x4 system\src\newlib\_startup.o
                0x2000007c                . = ALIGN (0x4)
                0x2000007c                _edata = .
                0x2000007c                __data_end__ = .

.igot.plt       0x2000007c        0x0 load address 0x08003804
 .igot.plt      0x2000007c        0x0 Application\Basic\source\Interrupt.o

.bss_CCMRAM     0x10000000        0x0
 *(.bss.CCMRAM .bss.CCMRAM.*)

.bss            0x2000007c     0x4960
                0x2000007c                __bss_start__ = .
                0x2000007c                _sbss = .
 *(.bss_begin .bss_begin.*)
 .bss_begin     0x2000007c        0x4 system\src\newlib\_startup.o
 *(.bss .bss.*)
 .bss._ZN14SCommComponent9sInstanceE
                0x20000080        0x4 Application\CommComp\source\SCommComponent.o
                0x20000080                SCommComponent::sInstance
 .bss._ZN9CBasicFSM12sQueueLengthE
                0x20000084        0x4 Application\ControlComp\source\CBasicFSM.o
                0x20000084                CBasicFSM::sQueueLength
 .bss._ZN9CBasicFSM14sInternalQueueE
                0x20000088       0x14 Application\ControlComp\source\CBasicFSM.o
                0x20000088                CBasicFSM::sInternalQueue
 .bss._ZN17SControlComponent9sInstanceE
                0x2000009c        0x4 Application\ControlComp\source\SControlComponent.o
                0x2000009c                SControlComponent::sInstance
 .bss._ZL13actionHandler
                0x200000a0       0x18 Application\ControlComp\source\SControlComponent.o
 .bss._ZN10SSoftTimer9sInstanceE
                0x200000b8        0x4 Application\ControlComp\source\SSoftTimer.o
                0x200000b8                SSoftTimer::sInstance
 .bss._ZN6SProxy9sInstanceE
                0x200000bc        0x4 Application\Message\source\SProxy.o
                0x200000bc                SProxy::sInstance
 .bss.xNextFreeByte
                0x200000c0        0x4 FreeRTOS\source\heap_1.o
 .bss.pucAlignedHeap.4640
                0x200000c4        0x4 FreeRTOS\source\heap_1.o
 .bss.ucHeap    0x200000c8     0x4800 FreeRTOS\source\heap_1.o
 .bss.xNumOfOverflows
                0x200048c8        0x4 FreeRTOS\source\tasks.o
 .bss.pxDelayedTaskList
                0x200048cc        0x4 FreeRTOS\source\tasks.o
 .bss.xSchedulerRunning
                0x200048d0        0x4 FreeRTOS\source\tasks.o
 .bss.xTasksWaitingTermination
                0x200048d4       0x14 FreeRTOS\source\tasks.o
 .bss.pxOverflowDelayedTaskList
                0x200048e8        0x4 FreeRTOS\source\tasks.o
 .bss.uxPendedTicks
                0x200048ec        0x4 FreeRTOS\source\tasks.o
 .bss.pxReadyTasksLists
                0x200048f0       0x64 FreeRTOS\source\tasks.o
 .bss.uxSchedulerSuspended
                0x20004954        0x4 FreeRTOS\source\tasks.o
 .bss.uxDeletedTasksWaitingCleanUp
                0x20004958        0x4 FreeRTOS\source\tasks.o
 .bss.uxCurrentNumberOfTasks
                0x2000495c        0x4 FreeRTOS\source\tasks.o
 .bss.pxCurrentTCB
                0x20004960        0x4 FreeRTOS\source\tasks.o
                0x20004960                pxCurrentTCB
 .bss.xPendingReadyList
                0x20004964       0x14 FreeRTOS\source\tasks.o
 .bss.xIdleTaskHandle
                0x20004978        0x4 FreeRTOS\source\tasks.o
 .bss.xTickCount
                0x2000497c        0x4 FreeRTOS\source\tasks.o
 .bss.xNextTaskUnblockTime
                0x20004980        0x4 FreeRTOS\source\tasks.o
 .bss.uxTaskNumber
                0x20004984        0x4 FreeRTOS\source\tasks.o
 .bss.xDelayedTaskList1
                0x20004988       0x14 FreeRTOS\source\tasks.o
 .bss.xDelayedTaskList2
                0x2000499c       0x14 FreeRTOS\source\tasks.o
 .bss.xSuspendedTaskList
                0x200049b0       0x14 FreeRTOS\source\tasks.o
 .bss.uxTopReadyPriority
                0x200049c4        0x4 FreeRTOS\source\tasks.o
 .bss.xYieldPending
                0x200049c8        0x4 FreeRTOS\source\tasks.o
 .bss.name.4256
                0x200049cc        0x1 system\src\newlib\_syscalls.o
 *fill*         0x200049cd        0x3 
 .bss.__malloc_free_list
                0x200049d0        0x4 c:/program files (x86)/gnu tools arm embedded/5.3 2016q1/bin/../lib/gcc/arm-none-eabi/5.3.1/../../../../arm-none-eabi/lib/armv7e-m/softfp\libg_nano.a(lib_a-nano-mallocr.o)
                0x200049d0                __malloc_free_list
 *(COMMON)
 COMMON         0x200049d4        0x4 system\src\stm32f4-hal\stm32f4xx_hal.o
                0x200049d4                uwTick
 *(.bss_end .bss_end.*)
 .bss_end       0x200049d8        0x4 system\src\newlib\_startup.o
                0x200049dc                . = ALIGN (0x4)
                0x200049dc                __bss_end__ = .
                0x200049dc                _ebss = .

.noinit_CCMRAM
 *(.noinit.CCMRAM .noinit.CCMRAM.*)

.noinit         0x200049dc        0x0
                0x200049dc                _noinit = .
 *(.noinit .noinit.*)
                0x200049dc                . = ALIGN (0x4)
                0x200049dc                _end_noinit = .
                [!provide]                PROVIDE (end, _end_noinit)
                [!provide]                PROVIDE (_end, _end_noinit)
                [!provide]                PROVIDE (__end, _end_noinit)
                [!provide]                PROVIDE (__end__, _end_noinit)

._check_stack   0x200049dc      0x100
                0x20004adc                . = (. + _Minimum_Stack_Size)
 *fill*         0x200049dc      0x100 

.b1text
 *(.b1text)
 *(.b1rodata)
 *(.b1rodata.*)

.eb0text
 *(.eb0text)
 *(.eb0rodata)
 *(.eb0rodata.*)

.eb1text
 *(.eb1text)
 *(.eb1rodata)
 *(.eb1rodata.*)

.eb2text
 *(.eb2text)
 *(.eb2rodata)
 *(.eb2rodata.*)

.eb3text
 *(.eb3text)
 *(.eb3rodata)
 *(.eb3rodata.*)

.stab
 *(.stab)

.stabstr
 *(.stabstr)

.stab.excl
 *(.stab.excl)

.stab.exclstr
 *(.stab.exclstr)

.stab.index
 *(.stab.index)

.stab.indexstr
 *(.stab.indexstr)

.comment        0x00000000       0x6e
 *(.comment)
 .comment       0x00000000       0x6e Application\Basic\source\Interrupt.o
                                 0x6f (size before relaxing)
 .comment       0x0000006e       0x6f Application\CommComp\source\CRxBuffer.o
 .comment       0x0000006e       0x6f Application\CommComp\source\CRxBufferList.o
 .comment       0x0000006e       0x6f Application\CommComp\source\CTxBuffer.o
 .comment       0x0000006e       0x6f Application\CommComp\source\CTxBufferList.o
 .comment       0x0000006e       0x6f Application\CommComp\source\SCommComponent.o
 .comment       0x0000006e       0x6f Application\Component\source\AComponent.o
 .comment       0x0000006e       0x6f Application\ControlComp\source\CBasicFSM.o
 .comment       0x0000006e       0x6f Application\ControlComp\source\CControlActionHandler.o
 .comment       0x0000006e       0x6f Application\ControlComp\source\CControlFSM.o
 .comment       0x0000006e       0x6f Application\ControlComp\source\CSimulatedHardware.o
 .comment       0x0000006e       0x6f Application\ControlComp\source\CStateJump.o
 .comment       0x0000006e       0x6f Application\ControlComp\source\CStateRunning.o
 .comment       0x0000006e       0x6f Application\ControlComp\source\SControlComponent.o
 .comment       0x0000006e       0x6f Application\ControlComp\source\SSoftTimer.o
 .comment       0x0000006e       0x6f Application\HardwareInterface\source\TUSART.o
 .comment       0x0000006e       0x6f Application\Message\source\CMessage.o
 .comment       0x0000006e       0x6f Application\Message\source\SProxy.o
 .comment       0x0000006e       0x6f FreeRTOS\source\FreeRTOS_HookFunctions.o
 .comment       0x0000006e       0x6f FreeRTOS\source\heap_1.o
 .comment       0x0000006e       0x6f FreeRTOS\source\list.o
 .comment       0x0000006e       0x6f FreeRTOS\source\port.o
 .comment       0x0000006e       0x6f FreeRTOS\source\queue.o
 .comment       0x0000006e       0x6f FreeRTOS\source\tasks.o
 .comment       0x0000006e       0x6f src\_initialize_hardware.o
 .comment       0x0000006e       0x6f src\main.o
 .comment       0x0000006e       0x6f src\stm32f4xx_hal_msp.o
 .comment       0x0000006e       0x6f system\src\cmsis\system_stm32f4xx.o
 .comment       0x0000006e       0x6f system\src\cmsis\vectors_stm32f407xx.o
 .comment       0x0000006e       0x6f system\src\cortexm\_initialize_hardware.o
 .comment       0x0000006e       0x6f system\src\cortexm\exception_handlers.o
 .comment       0x0000006e       0x6f system\src\newlib\_cxx.o
 .comment       0x0000006e       0x6f system\src\newlib\_exit.o
 .comment       0x0000006e       0x6f system\src\newlib\_startup.o
 .comment       0x0000006e       0x6f system\src\newlib\_syscalls.o
 .comment       0x0000006e       0x6f system\src\newlib\assert.o
 .comment       0x0000006e       0x6f system\src\stm32f4-hal\stm32f4xx_hal.o
 .comment       0x0000006e       0x6f system\src\stm32f4-hal\stm32f4xx_hal_cortex.o
 .comment       0x0000006e       0x6f system\src\stm32f4-hal\stm32f4xx_hal_rcc.o

.ARM.attributes
                0x00000000       0x37
 .ARM.attributes
                0x00000000       0x37 Application\Basic\source\Interrupt.o
 .ARM.attributes
                0x00000037       0x37 Application\CommComp\source\CRxBuffer.o
 .ARM.attributes
                0x0000006e       0x37 Application\CommComp\source\CRxBufferList.o
 .ARM.attributes
                0x000000a5       0x37 Application\CommComp\source\CTxBuffer.o
 .ARM.attributes
                0x000000dc       0x37 Application\CommComp\source\CTxBufferList.o
 .ARM.attributes
                0x00000113       0x37 Application\CommComp\source\SCommComponent.o
 .ARM.attributes
                0x0000014a       0x37 Application\Component\source\AComponent.o
 .ARM.attributes
                0x00000181       0x37 Application\ControlComp\source\CBasicFSM.o
 .ARM.attributes
                0x000001b8       0x37 Application\ControlComp\source\CControlActionHandler.o
 .ARM.attributes
                0x000001ef       0x37 Application\ControlComp\source\CControlFSM.o
 .ARM.attributes
                0x00000226       0x37 Application\ControlComp\source\CSimulatedHardware.o
 .ARM.attributes
                0x0000025d       0x37 Application\ControlComp\source\CStateJump.o
 .ARM.attributes
                0x00000294       0x37 Application\ControlComp\source\CStateRunning.o
 .ARM.attributes
                0x000002cb       0x37 Application\ControlComp\source\SControlComponent.o
 .ARM.attributes
                0x00000302       0x37 Application\ControlComp\source\SSoftTimer.o
 .ARM.attributes
                0x00000339       0x37 Application\HardwareInterface\source\TUSART.o
 .ARM.attributes
                0x00000370       0x37 Application\Message\source\CMessage.o
 .ARM.attributes
                0x000003a7       0x37 Application\Message\source\SProxy.o
 .ARM.attributes
                0x000003de       0x37 FreeRTOS\source\FreeRTOS_HookFunctions.o
 .ARM.attributes
                0x00000415       0x37 FreeRTOS\source\heap_1.o
 .ARM.attributes
                0x0000044c       0x37 FreeRTOS\source\list.o
 .ARM.attributes
                0x00000483       0x37 FreeRTOS\source\port.o
 .ARM.attributes
                0x000004ba       0x37 FreeRTOS\source\queue.o
 .ARM.attributes
                0x000004f1       0x37 FreeRTOS\source\tasks.o
 .ARM.attributes
                0x00000528       0x37 src\_initialize_hardware.o
 .ARM.attributes
                0x0000055f       0x37 src\main.o
 .ARM.attributes
                0x00000596       0x37 src\stm32f4xx_hal_msp.o
 .ARM.attributes
                0x000005cd       0x37 system\src\cmsis\system_stm32f4xx.o
 .ARM.attributes
                0x00000604       0x37 system\src\cmsis\vectors_stm32f407xx.o
 .ARM.attributes
                0x0000063b       0x37 system\src\cortexm\_initialize_hardware.o
 .ARM.attributes
                0x00000672       0x37 system\src\cortexm\exception_handlers.o
 .ARM.attributes
                0x000006a9       0x37 system\src\newlib\_cxx.o
 .ARM.attributes
                0x000006e0       0x37 system\src\newlib\_exit.o
 .ARM.attributes
                0x00000717       0x37 system\src\newlib\_startup.o
 .ARM.attributes
                0x0000074e       0x37 system\src\newlib\_syscalls.o
 .ARM.attributes
                0x00000785       0x37 system\src\newlib\assert.o
 .ARM.attributes
                0x000007bc       0x37 system\src\stm32f4-hal\stm32f4xx_hal.o
 .ARM.attributes
                0x000007f3       0x37 system\src\stm32f4-hal\stm32f4xx_hal_cortex.o
 .ARM.attributes
                0x0000082a       0x37 system\src\stm32f4-hal\stm32f4xx_hal_rcc.o
 .ARM.attributes
                0x00000861       0x32 c:/program files (x86)/gnu tools arm embedded/5.3 2016q1/bin/../lib/gcc/arm-none-eabi/5.3.1/../../../../arm-none-eabi/lib/armv7e-m/softfp\libstdc++_nano.a(del_op.o)
 .ARM.attributes
                0x00000893       0x32 c:/program files (x86)/gnu tools arm embedded/5.3 2016q1/bin/../lib/gcc/arm-none-eabi/5.3.1/../../../../arm-none-eabi/lib/armv7e-m/softfp\libg_nano.a(lib_a-impure.o)
 .ARM.attributes
                0x000008c5       0x32 c:/program files (x86)/gnu tools arm embedded/5.3 2016q1/bin/../lib/gcc/arm-none-eabi/5.3.1/../../../../arm-none-eabi/lib/armv7e-m/softfp\libg_nano.a(lib_a-malloc.o)
 .ARM.attributes
                0x000008f7       0x32 c:/program files (x86)/gnu tools arm embedded/5.3 2016q1/bin/../lib/gcc/arm-none-eabi/5.3.1/../../../../arm-none-eabi/lib/armv7e-m/softfp\libg_nano.a(lib_a-memcpy-stub.o)
 .ARM.attributes
                0x00000929       0x32 c:/program files (x86)/gnu tools arm embedded/5.3 2016q1/bin/../lib/gcc/arm-none-eabi/5.3.1/../../../../arm-none-eabi/lib/armv7e-m/softfp\libg_nano.a(lib_a-memset.o)
 .ARM.attributes
                0x0000095b       0x32 c:/program files (x86)/gnu tools arm embedded/5.3 2016q1/bin/../lib/gcc/arm-none-eabi/5.3.1/../../../../arm-none-eabi/lib/armv7e-m/softfp\libg_nano.a(lib_a-nano-freer.o)
 .ARM.attributes
                0x0000098d       0x32 c:/program files (x86)/gnu tools arm embedded/5.3 2016q1/bin/../lib/gcc/arm-none-eabi/5.3.1/../../../../arm-none-eabi/lib/armv7e-m/softfp\libg_nano.a(lib_a-nano-mallocr.o)

.debug
 *(.debug)

.line
 *(.line)

.debug_srcinfo
 *(.debug_srcinfo)

.debug_sfnames
 *(.debug_sfnames)

.debug_aranges  0x00000000      0xf18
 *(.debug_aranges)
 .debug_aranges
                0x00000000       0x20 Application\Basic\source\Interrupt.o
 .debug_aranges
                0x00000020       0x38 Application\CommComp\source\CRxBuffer.o
 .debug_aranges
                0x00000058       0x50 Application\CommComp\source\CRxBufferList.o
 .debug_aranges
                0x000000a8       0x38 Application\CommComp\source\CTxBuffer.o
 .debug_aranges
                0x000000e0       0x58 Application\CommComp\source\CTxBufferList.o
 .debug_aranges
                0x00000138       0x60 Application\CommComp\source\SCommComponent.o
 .debug_aranges
                0x00000198       0x38 Application\Component\source\AComponent.o
 .debug_aranges
                0x000001d0       0x48 Application\ControlComp\source\CBasicFSM.o
 .debug_aranges
                0x00000218       0xf8 Application\ControlComp\source\CControlActionHandler.o
 .debug_aranges
                0x00000310       0x40 Application\ControlComp\source\CControlFSM.o
 .debug_aranges
                0x00000350       0x78 Application\ControlComp\source\CSimulatedHardware.o
 .debug_aranges
                0x000003c8       0x40 Application\ControlComp\source\CStateJump.o
 .debug_aranges
                0x00000408       0x40 Application\ControlComp\source\CStateRunning.o
 .debug_aranges
                0x00000448       0x58 Application\ControlComp\source\SControlComponent.o
 .debug_aranges
                0x000004a0       0x48 Application\ControlComp\source\SSoftTimer.o
 .debug_aranges
                0x000004e8       0xf8 Application\HardwareInterface\source\TUSART.o
 .debug_aranges
                0x000005e0       0x78 Application\Message\source\CMessage.o
 .debug_aranges
                0x00000658       0xa0 Application\Message\source\SProxy.o
 .debug_aranges
                0x000006f8       0x28 FreeRTOS\source\FreeRTOS_HookFunctions.o
 .debug_aranges
                0x00000720       0x38 FreeRTOS\source\heap_1.o
 .debug_aranges
                0x00000758       0x40 FreeRTOS\source\list.o
 .debug_aranges
                0x00000798       0x78 FreeRTOS\source\port.o
 .debug_aranges
                0x00000810       0xf8 FreeRTOS\source\queue.o
 .debug_aranges
                0x00000908      0x1c8 FreeRTOS\source\tasks.o
 .debug_aranges
                0x00000ad0       0x28 src\_initialize_hardware.o
 .debug_aranges
                0x00000af8       0x30 src\main.o
 .debug_aranges
                0x00000b28       0x38 src\stm32f4xx_hal_msp.o
 .debug_aranges
                0x00000b60       0x28 system\src\cmsis\system_stm32f4xx.o
 .debug_aranges
                0x00000b88       0x20 system\src\cmsis\vectors_stm32f407xx.o
 .debug_aranges
                0x00000ba8       0x28 system\src\cortexm\_initialize_hardware.o
 .debug_aranges
                0x00000bd0       0x80 system\src\cortexm\exception_handlers.o
 .debug_aranges
                0x00000c50       0x28 system\src\newlib\_cxx.o
 .debug_aranges
                0x00000c78       0x28 system\src\newlib\_exit.o
 .debug_aranges
                0x00000ca0       0x40 system\src\newlib\_startup.o
 .debug_aranges
                0x00000ce0       0x30 system\src\newlib\_syscalls.o
 .debug_aranges
                0x00000d10       0x28 system\src\newlib\assert.o
 .debug_aranges
                0x00000d38       0xc0 system\src\stm32f4-hal\stm32f4xx_hal.o
 .debug_aranges
                0x00000df8       0x98 system\src\stm32f4-hal\stm32f4xx_hal_cortex.o
 .debug_aranges
                0x00000e90       0x88 system\src\stm32f4-hal\stm32f4xx_hal_rcc.o

.debug_pubnames
 *(.debug_pubnames)

.debug_info     0x00000000    0x1c95e
 *(.debug_info .gnu.linkonce.wi.*)
 .debug_info    0x00000000      0x60d Application\Basic\source\Interrupt.o
 .debug_info    0x0000060d      0x382 Application\CommComp\source\CRxBuffer.o
 .debug_info    0x0000098f     0x1586 Application\CommComp\source\CRxBufferList.o
 .debug_info    0x00001f15      0x388 Application\CommComp\source\CTxBuffer.o
 .debug_info    0x0000229d      0xd56 Application\CommComp\source\CTxBufferList.o
 .debug_info    0x00002ff3     0x18cf Application\CommComp\source\SCommComponent.o
 .debug_info    0x000048c2      0x842 Application\Component\source\AComponent.o
 .debug_info    0x00005104     0x1221 Application\ControlComp\source\CBasicFSM.o
 .debug_info    0x00006325     0x1605 Application\ControlComp\source\CControlActionHandler.o
 .debug_info    0x0000792a     0x16c3 Application\ControlComp\source\CControlFSM.o
 .debug_info    0x00008fed     0x126c Application\ControlComp\source\CSimulatedHardware.o
 .debug_info    0x0000a259     0x147e Application\ControlComp\source\CStateJump.o
 .debug_info    0x0000b6d7     0x15f3 Application\ControlComp\source\CStateRunning.o
 .debug_info    0x0000ccca     0x1886 Application\ControlComp\source\SControlComponent.o
 .debug_info    0x0000e550      0xf1e Application\ControlComp\source\SSoftTimer.o
 .debug_info    0x0000f46e     0x1f2e Application\HardwareInterface\source\TUSART.o
 .debug_info    0x0001139c      0x74a Application\Message\source\CMessage.o
 .debug_info    0x00011ae6     0x19e2 Application\Message\source\SProxy.o
 .debug_info    0x000134c8      0x252 FreeRTOS\source\FreeRTOS_HookFunctions.o
 .debug_info    0x0001371a      0x19c FreeRTOS\source\heap_1.o
 .debug_info    0x000138b6      0x29a FreeRTOS\source\list.o
 .debug_info    0x00013b50      0x31e FreeRTOS\source\port.o
 .debug_info    0x00013e6e     0x13fc FreeRTOS\source\queue.o
 .debug_info    0x0001526a     0x22ac FreeRTOS\source\tasks.o
 .debug_info    0x00017516      0x4f9 src\_initialize_hardware.o
 .debug_info    0x00017a0f      0xb61 src\main.o
 .debug_info    0x00018570       0xe5 src\stm32f4xx_hal_msp.o
 .debug_info    0x00018655      0x4cf system\src\cmsis\system_stm32f4xx.o
 .debug_info    0x00018b24       0xd1 system\src\cmsis\vectors_stm32f407xx.o
 .debug_info    0x00018bf5      0x2ca system\src\cortexm\_initialize_hardware.o
 .debug_info    0x00018ebf      0x2a6 system\src\cortexm\exception_handlers.o
 .debug_info    0x00019165      0x59f system\src\newlib\_cxx.o
 .debug_info    0x00019704       0xee system\src\newlib\_exit.o
 .debug_info    0x000197f2      0x4ef system\src\newlib\_startup.o
 .debug_info    0x00019ce1      0x1bc system\src\newlib\_syscalls.o
 .debug_info    0x00019e9d      0x16c system\src\newlib\assert.o
 .debug_info    0x0001a009      0x8f3 system\src\stm32f4-hal\stm32f4xx_hal.o
 .debug_info    0x0001a8fc     0x1110 system\src\stm32f4-hal\stm32f4xx_hal_cortex.o
 .debug_info    0x0001ba0c      0xf52 system\src\stm32f4-hal\stm32f4xx_hal_rcc.o

.debug_abbrev   0x00000000     0x589c
 *(.debug_abbrev)
 .debug_abbrev  0x00000000       0xf6 Application\Basic\source\Interrupt.o
 .debug_abbrev  0x000000f6      0x1d6 Application\CommComp\source\CRxBuffer.o
 .debug_abbrev  0x000002cc      0x3bf Application\CommComp\source\CRxBufferList.o
 .debug_abbrev  0x0000068b      0x1c1 Application\CommComp\source\CTxBuffer.o
 .debug_abbrev  0x0000084c      0x2f9 Application\CommComp\source\CTxBufferList.o
 .debug_abbrev  0x00000b45      0x470 Application\CommComp\source\SCommComponent.o
 .debug_abbrev  0x00000fb5      0x314 Application\Component\source\AComponent.o
 .debug_abbrev  0x000012c9      0x3a0 Application\ControlComp\source\CBasicFSM.o
 .debug_abbrev  0x00001669      0x2e2 Application\ControlComp\source\CControlActionHandler.o
 .debug_abbrev  0x0000194b      0x37a Application\ControlComp\source\CControlFSM.o
 .debug_abbrev  0x00001cc5      0x368 Application\ControlComp\source\CSimulatedHardware.o
 .debug_abbrev  0x0000202d      0x35e Application\ControlComp\source\CStateJump.o
 .debug_abbrev  0x0000238b      0x369 Application\ControlComp\source\CStateRunning.o
 .debug_abbrev  0x000026f4      0x4f2 Application\ControlComp\source\SControlComponent.o
 .debug_abbrev  0x00002be6      0x391 Application\ControlComp\source\SSoftTimer.o
 .debug_abbrev  0x00002f77      0x2f3 Application\HardwareInterface\source\TUSART.o
 .debug_abbrev  0x0000326a      0x1eb Application\Message\source\CMessage.o
 .debug_abbrev  0x00003455      0x40b Application\Message\source\SProxy.o
 .debug_abbrev  0x00003860      0x15a FreeRTOS\source\FreeRTOS_HookFunctions.o
 .debug_abbrev  0x000039ba      0x11c FreeRTOS\source\heap_1.o
 .debug_abbrev  0x00003ad6       0xdf FreeRTOS\source\list.o
 .debug_abbrev  0x00003bb5      0x1b6 FreeRTOS\source\port.o
 .debug_abbrev  0x00003d6b      0x247 FreeRTOS\source\queue.o
 .debug_abbrev  0x00003fb2      0x31a FreeRTOS\source\tasks.o
 .debug_abbrev  0x000042cc      0x14c src\_initialize_hardware.o
 .debug_abbrev  0x00004418      0x25e src\main.o
 .debug_abbrev  0x00004676       0x6a src\stm32f4xx_hal_msp.o
 .debug_abbrev  0x000046e0      0x104 system\src\cmsis\system_stm32f4xx.o
 .debug_abbrev  0x000047e4       0x9d system\src\cmsis\vectors_stm32f407xx.o
 .debug_abbrev  0x00004881       0xea system\src\cortexm\_initialize_hardware.o
 .debug_abbrev  0x0000496b      0x12a system\src\cortexm\exception_handlers.o
 .debug_abbrev  0x00004a95      0x1d1 system\src\newlib\_cxx.o
 .debug_abbrev  0x00004c66       0xbd system\src\newlib\_exit.o
 .debug_abbrev  0x00004d23      0x1d4 system\src\newlib\_startup.o
 .debug_abbrev  0x00004ef7       0xec system\src\newlib\_syscalls.o
 .debug_abbrev  0x00004fe3       0xb9 system\src\newlib\assert.o
 .debug_abbrev  0x0000509c      0x224 system\src\stm32f4-hal\stm32f4xx_hal.o
 .debug_abbrev  0x000052c0      0x324 system\src\stm32f4-hal\stm32f4xx_hal_cortex.o
 .debug_abbrev  0x000055e4      0x2b8 system\src\stm32f4-hal\stm32f4xx_hal_rcc.o

.debug_line     0x00000000    0x17aab
 *(.debug_line)
 .debug_line    0x00000000      0xddf Application\Basic\source\Interrupt.o
 .debug_line    0x00000ddf      0x150 Application\CommComp\source\CRxBuffer.o
 .debug_line    0x00000f2f      0xf3f Application\CommComp\source\CRxBufferList.o
 .debug_line    0x00001e6e      0x242 Application\CommComp\source\CTxBuffer.o
 .debug_line    0x000020b0      0xd6b Application\CommComp\source\CTxBufferList.o
 .debug_line    0x00002e1b     0x1091 Application\CommComp\source\SCommComponent.o
 .debug_line    0x00003eac      0x32c Application\Component\source\AComponent.o
 .debug_line    0x000041d8      0xda2 Application\ControlComp\source\CBasicFSM.o
 .debug_line    0x00004f7a     0x10e0 Application\ControlComp\source\CControlActionHandler.o
 .debug_line    0x0000605a      0xdd6 Application\ControlComp\source\CControlFSM.o
 .debug_line    0x00006e30      0xce9 Application\ControlComp\source\CSimulatedHardware.o
 .debug_line    0x00007b19      0xdcd Application\ControlComp\source\CStateJump.o
 .debug_line    0x000088e6      0xdfc Application\ControlComp\source\CStateRunning.o
 .debug_line    0x000096e2     0x102b Application\ControlComp\source\SControlComponent.o
 .debug_line    0x0000a70d     0x10fc Application\ControlComp\source\SSoftTimer.o
 .debug_line    0x0000b809      0xdb5 Application\HardwareInterface\source\TUSART.o
 .debug_line    0x0000c5be      0x242 Application\Message\source\CMessage.o
 .debug_line    0x0000c800     0x11c5 Application\Message\source\SProxy.o
 .debug_line    0x0000d9c5      0x25a FreeRTOS\source\FreeRTOS_HookFunctions.o
 .debug_line    0x0000dc1f      0x3a0 FreeRTOS\source\heap_1.o
 .debug_line    0x0000dfbf      0x3b6 FreeRTOS\source\list.o
 .debug_line    0x0000e375      0x299 FreeRTOS\source\port.o
 .debug_line    0x0000e60e      0x720 FreeRTOS\source\queue.o
 .debug_line    0x0000ed2e      0xbf7 FreeRTOS\source\tasks.o
 .debug_line    0x0000f925      0xabb src\_initialize_hardware.o
 .debug_line    0x000103e0      0xec6 src\main.o
 .debug_line    0x000112a6      0xabe src\stm32f4xx_hal_msp.o
 .debug_line    0x00011d64      0xac5 system\src\cmsis\system_stm32f4xx.o
 .debug_line    0x00012829      0x12b system\src\cmsis\vectors_stm32f407xx.o
 .debug_line    0x00012954      0xac7 system\src\cortexm\_initialize_hardware.o
 .debug_line    0x0001341b      0xc06 system\src\cortexm\exception_handlers.o
 .debug_line    0x00014021      0x467 system\src\newlib\_cxx.o
 .debug_line    0x00014488      0x348 system\src\newlib\_exit.o
 .debug_line    0x000147d0      0x39d system\src\newlib\_startup.o
 .debug_line    0x00014b6d      0x3d8 system\src\newlib\_syscalls.o
 .debug_line    0x00014f45      0x371 system\src\newlib\assert.o
 .debug_line    0x000152b6      0xc20 system\src\stm32f4-hal\stm32f4xx_hal.o
 .debug_line    0x00015ed6      0xd03 system\src\stm32f4-hal\stm32f4xx_hal_cortex.o
 .debug_line    0x00016bd9      0xed2 system\src\stm32f4-hal\stm32f4xx_hal_rcc.o

.debug_frame    0x00000000     0x23e4
 *(.debug_frame)
 .debug_frame   0x00000000       0x28 Application\Basic\source\Interrupt.o
 .debug_frame   0x00000028       0x5c Application\CommComp\source\CRxBuffer.o
 .debug_frame   0x00000084       0xac Application\CommComp\source\CRxBufferList.o
 .debug_frame   0x00000130       0x64 Application\CommComp\source\CTxBuffer.o
 .debug_frame   0x00000194       0xb8 Application\CommComp\source\CTxBufferList.o
 .debug_frame   0x0000024c       0xec Application\CommComp\source\SCommComponent.o
 .debug_frame   0x00000338       0x6c Application\Component\source\AComponent.o
 .debug_frame   0x000003a4       0xb4 Application\ControlComp\source\CBasicFSM.o
 .debug_frame   0x00000458      0x250 Application\ControlComp\source\CControlActionHandler.o